#
# There is insufficient memory for the Java Runtime Environment to continue.
# Native memory allocation (malloc) failed to allocate 2050416 bytes. Error detail: Chunk::new
# Possible reasons:
#   The system is out of physical RAM or swap space
#   This process is running with CompressedOops enabled, and the Java Heap may be blocking the growth of the native heap
# Possible solutions:
#   Reduce memory load on the system
#   Increase physical memory or swap space
#   Check if swap backing store is full
#   Decrease Java heap size (-Xmx/-Xms)
#   Decrease number of Java threads
#   Decrease Java thread stack sizes (-Xss)
#   Set larger code cache with -XX:ReservedCodeCacheSize=
#   JVM is running with Zero Based Compressed Oops mode in which the Java heap is
#     placed in the first 32GB address space. The Java Heap base address is the
#     maximum limit for the native heap growth. Please use -XX:HeapBaseMinAddress
#     to set the Java Heap base and to place the Java Heap above 32GB virtual address.
# This output file may be truncated or incomplete.
#
#  Out of Memory Error (arena.cpp:168), pid=19064, tid=19252
#
# JRE version: OpenJDK Runtime Environment Microsoft-12574459 (21.0.9+10) (build 21.0.9+10-LTS)
# Java VM: OpenJDK 64-Bit Server VM Microsoft-12574459 (21.0.9+10-LTS, mixed mode, sharing, tiered, compressed oops, compressed class ptrs, g1 gc, windows-amd64)
# No core dump will be written. Minidumps are not enabled by default on client versions of Windows
#

---------------  S U M M A R Y ------------

Command Line: -javaagent:C:\Users\admn\IntelliJ IDEA 2025.2.3\lib\idea_rt.jar=52967 -Dfile.encoding=UTF-8 -Dsun.stdout.encoding=UTF-8 -Dsun.stderr.encoding=UTF-8 com.pdp.restaurant.Application

Host: 12th Gen Intel(R) Core(TM) i5-12500H, 16 cores, 15G,  Windows 11 , 64 bit Build 26100 (10.0.26100.7309)
Time: Fri Dec 26 22:00:51 2025 SE Asia Standard Time elapsed time: 0.993704 seconds (0d 0h 0m 0s)

---------------  T H R E A D  ---------------

Current thread (0x000001d369996550):  JavaThread "C2 CompilerThread0" daemon [_thread_in_native, id=19252, stack(0x000000257ef00000,0x000000257f000000) (1024K)]


Current CompileTask:
C2:993 2287       4       java.lang.invoke.MethodType::methodType (69 bytes)

Stack: [0x000000257ef00000,0x000000257f000000]
Native frames: (J=compiled Java code, j=interpreted, Vv=VM code, C=native code)
V  [jvm.dll+0x6df259]  (no source info available)
V  [jvm.dll+0x8bfe4b]  (no source info available)
V  [jvm.dll+0x8c23da]  (no source info available)
V  [jvm.dll+0x8c2ab3]  (no source info available)
V  [jvm.dll+0x28a416]  (no source info available)
V  [jvm.dll+0xc903d]  (no source info available)
V  [jvm.dll+0xc958c]  (no source info available)
V  [jvm.dll+0x3c7cfc]  (no source info available)
V  [jvm.dll+0x394452]  (no source info available)
V  [jvm.dll+0x3938aa]  (no source info available)
V  [jvm.dll+0x2520a0]  (no source info available)
V  [jvm.dll+0x2516c3]  (no source info available)
V  [jvm.dll+0x1d18cf]  (no source info available)
V  [jvm.dll+0x26138a]  (no source info available)
V  [jvm.dll+0x25f6f5]  (no source info available)
V  [jvm.dll+0x401aad]  (no source info available)
V  [jvm.dll+0x869f7d]  (no source info available)
V  [jvm.dll+0x6e080d]  (no source info available)
C  [ucrtbase.dll+0x37b0]  (no source info available)
C  [KERNEL32.DLL+0x2e8d7]  (no source info available)
C  [ntdll.dll+0x8c53c]  (no source info available)


---------------  P R O C E S S  ---------------

Threads class SMR info:
_java_thread_list=0x000001d36ffd7cd0, length=23, elements={
0x000001d34766bff0, 0x000001d36998bc20, 0x000001d36998e780, 0x000001d3699928c0,
0x000001d369993310, 0x000001d369994a00, 0x000001d369998270, 0x000001d369996550,
0x000001d3699baaf0, 0x000001d369a43710, 0x000001d369b399d0, 0x000001d369b3f390,
0x000001d369b6c080, 0x000001d369c0a4d0, 0x000001d369be7d70, 0x000001d369be83d0,
0x000001d36e3be010, 0x000001d36e9562a0, 0x000001d36e997970, 0x000001d36eb2e620,
0x000001d36fd5bf70, 0x000001d36ede2880, 0x000001d3709e2990
}

Java Threads: ( => current thread )
  0x000001d34766bff0 JavaThread "main"                              [_thread_blocked, id=9732, stack(0x000000257e100000,0x000000257e200000) (1024K)]
  0x000001d36998bc20 JavaThread "Reference Handler"          daemon [_thread_blocked, id=14104, stack(0x000000257e900000,0x000000257ea00000) (1024K)]
  0x000001d36998e780 JavaThread "Finalizer"                  daemon [_thread_blocked, id=20216, stack(0x000000257ea00000,0x000000257eb00000) (1024K)]
  0x000001d3699928c0 JavaThread "Signal Dispatcher"          daemon [_thread_blocked, id=10372, stack(0x000000257eb00000,0x000000257ec00000) (1024K)]
  0x000001d369993310 JavaThread "Attach Listener"            daemon [_thread_blocked, id=20960, stack(0x000000257ec00000,0x000000257ed00000) (1024K)]
  0x000001d369994a00 JavaThread "Service Thread"             daemon [_thread_blocked, id=16724, stack(0x000000257ed00000,0x000000257ee00000) (1024K)]
  0x000001d369998270 JavaThread "Monitor Deflation Thread"   daemon [_thread_blocked, id=2784, stack(0x000000257ee00000,0x000000257ef00000) (1024K)]
=>0x000001d369996550 JavaThread "C2 CompilerThread0"         daemon [_thread_in_native, id=19252, stack(0x000000257ef00000,0x000000257f000000) (1024K)]
  0x000001d3699baaf0 JavaThread "C1 CompilerThread0"         daemon [_thread_blocked, id=18836, stack(0x000000257f000000,0x000000257f100000) (1024K)]
  0x000001d369a43710 JavaThread "C1 CompilerThread1"         daemon [_thread_blocked, id=13024, stack(0x000000257f100000,0x000000257f200000) (1024K)]
  0x000001d369b399d0 JavaThread "C1 CompilerThread2"         daemon [_thread_blocked, id=15616, stack(0x000000257f200000,0x000000257f300000) (1024K)]
  0x000001d369b3f390 JavaThread "C1 CompilerThread3"         daemon [_thread_blocked, id=12268, stack(0x000000257f300000,0x000000257f400000) (1024K)]
  0x000001d369b6c080 JavaThread "C2 CompilerThread1"         daemon [_thread_in_native, id=23248, stack(0x000000257f400000,0x000000257f500000) (1024K)]
  0x000001d369c0a4d0 JavaThread "Common-Cleaner"             daemon [_thread_blocked, id=14884, stack(0x000000257f500000,0x000000257f600000) (1024K)]
  0x000001d369be7d70 JavaThread "Monitor Ctrl-Break"         daemon [_thread_in_native, id=19924, stack(0x000000257f600000,0x000000257f700000) (1024K)]
  0x000001d369be83d0 JavaThread "Notification Thread"        daemon [_thread_blocked, id=11524, stack(0x000000257f700000,0x000000257f800000) (1024K)]
  0x000001d36e3be010 JavaThread "C2 CompilerThread2"         daemon [_thread_in_native, id=9964, stack(0x000000257f800000,0x000000257f900000) (1024K)]
  0x000001d36e9562a0 JavaThread "Thread-0"                          [_thread_blocked, id=7288, stack(0x000000257fe00000,0x000000257ff00000) (1024K)]
  0x000001d36e997970 JavaThread "restartedMain"                     [_thread_in_native, id=20392, stack(0x000000257ff00000,0x0000002580000000) (1024K)]
  0x000001d36eb2e620 JavaThread "background-preinit"                [_thread_in_native, id=1788, stack(0x0000002500000000,0x0000002500100000) (1024K)]
  0x000001d36fd5bf70 JavaThread "C2 CompilerThread3"         daemon [_thread_blocked, id=17836, stack(0x0000002500400000,0x0000002500500000) (1024K)]
  0x000001d36ede2880 JavaThread "C2 CompilerThread4"         daemon [_thread_in_native, id=476, stack(0x0000002500500000,0x0000002500600000) (1024K)]
  0x000001d3709e2990 JavaThread "Thread-3"                          [_thread_blocked, id=12408, stack(0x0000002500600000,0x0000002500700000) (1024K)]
Total: 23

Other Threads:
  0x000001d36963ad30 VMThread "VM Thread"                           [id=7904, stack(0x000000257e800000,0x000000257e900000) (1024K)]
  0x000001d369626a80 WatcherThread "VM Periodic Task Thread"        [id=2536, stack(0x000000257e700000,0x000000257e800000) (1024K)]
  0x000001d349c2c940 WorkerThread "GC Thread#0"                     [id=18860, stack(0x000000257e200000,0x000000257e300000) (1024K)]
  0x000001d36e6ce2d0 WorkerThread "GC Thread#1"                     [id=17288, stack(0x000000257f900000,0x000000257fa00000) (1024K)]
  0x000001d36e6ce670 WorkerThread "GC Thread#2"                     [id=23148, stack(0x000000257fa00000,0x000000257fb00000) (1024K)]
  0x000001d36e6cea10 WorkerThread "GC Thread#3"                     [id=10352, stack(0x000000257fb00000,0x000000257fc00000) (1024K)]
  0x000001d36e5259e0 WorkerThread "GC Thread#4"                     [id=11620, stack(0x000000257fc00000,0x000000257fd00000) (1024K)]
  0x000001d36e525d80 WorkerThread "GC Thread#5"                     [id=18568, stack(0x000000257fd00000,0x000000257fe00000) (1024K)]
  0x000001d36ec48cd0 WorkerThread "GC Thread#6"                     [id=21220, stack(0x0000002500100000,0x0000002500200000) (1024K)]
  0x000001d36ebc4090 WorkerThread "GC Thread#7"                     [id=20968, stack(0x0000002500200000,0x0000002500300000) (1024K)]
  0x000001d36ee7d4b0 WorkerThread "GC Thread#8"                     [id=13520, stack(0x0000002500300000,0x0000002500400000) (1024K)]
  0x000001d349c3e320 ConcurrentGCThread "G1 Main Marker"            [id=1968, stack(0x000000257e300000,0x000000257e400000) (1024K)]
  0x000001d349c3ee20 WorkerThread "G1 Conc#0"                       [id=13240, stack(0x000000257e400000,0x000000257e500000) (1024K)]
  0x000001d3694f7110 ConcurrentGCThread "G1 Refine#0"               [id=6408, stack(0x000000257e500000,0x000000257e600000) (1024K)]
  0x000001d3694f8b30 ConcurrentGCThread "G1 Service"                [id=15292, stack(0x000000257e600000,0x000000257e700000) (1024K)]
Total: 15

Threads with active compile tasks:
C2 CompilerThread0  2020 2287       4       java.lang.invoke.MethodType::methodType (69 bytes)
C2 CompilerThread1  2020 2241       4       java.lang.invoke.MethodType::makeImpl (109 bytes)
C2 CompilerThread2  2020 2716 %     4       java.util.Properties$LineReader::readLine @ 53 (584 bytes)
C2 CompilerThread4  2020 2717 %     4       java.util.Properties::loadConvert @ 8 (540 bytes)
Total: 4

VM state: not at safepoint (normal execution)

VM Mutex/Monitor currently owned by a thread: None

Heap address: 0x0000000704800000, size: 4024 MB, Compressed Oops mode: Zero based, Oop shift amount: 3

CDS archive(s) mapped at: [0x000001d300000000-0x000001d300c80000-0x000001d300c80000), size 13107200, SharedBaseAddress: 0x000001d300000000, ArchiveRelocationMode: 1.
Compressed class space mapped at: 0x000001d301000000-0x000001d341000000, reserved size: 1073741824
Narrow klass base: 0x000001d300000000, Narrow klass shift: 0, Narrow klass range: 0x100000000

GC Precious Log:
 CardTable entry size: 512
 Card Set container configuration: InlinePtr #cards 4 size 8 Array Of Cards #cards 16 size 48 Howl #buckets 8 coarsen threshold 3686 Howl Bitmap #cards 512 size 80 coarsen threshold 460 Card regions per heap region 1 cards per card region 4096
 CPUs: 16 total, 16 available
 Memory: 16088M
 Large Page Support: Disabled
 NUMA Support: Disabled
 Compressed Oops: Enabled (Zero based)
 Heap Region Size: 2M
 Heap Min Capacity: 8M
 Heap Initial Capacity: 252M
 Heap Max Capacity: 4024M
 Pre-touch: Disabled
 Parallel Workers: 13
 Concurrent Workers: 3
 Concurrent Refinement Workers: 13
 Periodic GC: Disabled

Heap:
 garbage-first heap   total 258048K, used 38112K [0x0000000704800000, 0x0000000800000000)
  region size 2048K, 18 young (36864K), 2 survivors (4096K)
 Metaspace       used 18189K, committed 18496K, reserved 1114112K
  class space    used 2309K, committed 2432K, reserved 1048576K

Heap Regions: E=young(eden), S=young(survivor), O=old, HS=humongous(starts), HC=humongous(continues), CS=collection set, F=free, TAMS=top-at-mark-start, PB=parsable bottom
|   0|0x0000000704800000, 0x0000000704a00000, 0x0000000704a00000|100%| O|  |TAMS 0x0000000704800000| PB 0x0000000704800000| Untracked 
|   1|0x0000000704a00000, 0x0000000704c00000, 0x0000000704c00000|100%| O|  |TAMS 0x0000000704a00000| PB 0x0000000704a00000| Untracked 
|   2|0x0000000704c00000, 0x0000000704e00000, 0x0000000704e00000|100%| O|  |TAMS 0x0000000704c00000| PB 0x0000000704c00000| Untracked 
|   3|0x0000000704e00000, 0x0000000704f27220, 0x0000000705000000| 57%| O|  |TAMS 0x0000000704e00000| PB 0x0000000704e00000| Untracked 
|   4|0x0000000705000000, 0x0000000705000000, 0x0000000705200000|  0%| F|  |TAMS 0x0000000705000000| PB 0x0000000705000000| Untracked 
|   5|0x0000000705200000, 0x0000000705200000, 0x0000000705400000|  0%| F|  |TAMS 0x0000000705200000| PB 0x0000000705200000| Untracked 
|   6|0x0000000705400000, 0x0000000705400000, 0x0000000705600000|  0%| F|  |TAMS 0x0000000705400000| PB 0x0000000705400000| Untracked 
|   7|0x0000000705600000, 0x0000000705600000, 0x0000000705800000|  0%| F|  |TAMS 0x0000000705600000| PB 0x0000000705600000| Untracked 
|   8|0x0000000705800000, 0x0000000705800000, 0x0000000705a00000|  0%| F|  |TAMS 0x0000000705800000| PB 0x0000000705800000| Untracked 
|   9|0x0000000705a00000, 0x0000000705a00000, 0x0000000705c00000|  0%| F|  |TAMS 0x0000000705a00000| PB 0x0000000705a00000| Untracked 
|  10|0x0000000705c00000, 0x0000000705c00000, 0x0000000705e00000|  0%| F|  |TAMS 0x0000000705c00000| PB 0x0000000705c00000| Untracked 
|  11|0x0000000705e00000, 0x0000000705e00000, 0x0000000706000000|  0%| F|  |TAMS 0x0000000705e00000| PB 0x0000000705e00000| Untracked 
|  12|0x0000000706000000, 0x0000000706000000, 0x0000000706200000|  0%| F|  |TAMS 0x0000000706000000| PB 0x0000000706000000| Untracked 
|  13|0x0000000706200000, 0x0000000706200000, 0x0000000706400000|  0%| F|  |TAMS 0x0000000706200000| PB 0x0000000706200000| Untracked 
|  14|0x0000000706400000, 0x0000000706400000, 0x0000000706600000|  0%| F|  |TAMS 0x0000000706400000| PB 0x0000000706400000| Untracked 
|  15|0x0000000706600000, 0x0000000706600000, 0x0000000706800000|  0%| F|  |TAMS 0x0000000706600000| PB 0x0000000706600000| Untracked 
|  16|0x0000000706800000, 0x0000000706800000, 0x0000000706a00000|  0%| F|  |TAMS 0x0000000706800000| PB 0x0000000706800000| Untracked 
|  17|0x0000000706a00000, 0x0000000706a00000, 0x0000000706c00000|  0%| F|  |TAMS 0x0000000706a00000| PB 0x0000000706a00000| Untracked 
|  18|0x0000000706c00000, 0x0000000706c00000, 0x0000000706e00000|  0%| F|  |TAMS 0x0000000706c00000| PB 0x0000000706c00000| Untracked 
|  19|0x0000000706e00000, 0x0000000706e00000, 0x0000000707000000|  0%| F|  |TAMS 0x0000000706e00000| PB 0x0000000706e00000| Untracked 
|  20|0x0000000707000000, 0x0000000707000000, 0x0000000707200000|  0%| F|  |TAMS 0x0000000707000000| PB 0x0000000707000000| Untracked 
|  21|0x0000000707200000, 0x0000000707200000, 0x0000000707400000|  0%| F|  |TAMS 0x0000000707200000| PB 0x0000000707200000| Untracked 
|  22|0x0000000707400000, 0x0000000707400000, 0x0000000707600000|  0%| F|  |TAMS 0x0000000707400000| PB 0x0000000707400000| Untracked 
|  23|0x0000000707600000, 0x0000000707600000, 0x0000000707800000|  0%| F|  |TAMS 0x0000000707600000| PB 0x0000000707600000| Untracked 
|  24|0x0000000707800000, 0x0000000707800000, 0x0000000707a00000|  0%| F|  |TAMS 0x0000000707800000| PB 0x0000000707800000| Untracked 
|  25|0x0000000707a00000, 0x0000000707a00000, 0x0000000707c00000|  0%| F|  |TAMS 0x0000000707a00000| PB 0x0000000707a00000| Untracked 
|  26|0x0000000707c00000, 0x0000000707c00000, 0x0000000707e00000|  0%| F|  |TAMS 0x0000000707c00000| PB 0x0000000707c00000| Untracked 
|  27|0x0000000707e00000, 0x0000000707e00000, 0x0000000708000000|  0%| F|  |TAMS 0x0000000707e00000| PB 0x0000000707e00000| Untracked 
|  28|0x0000000708000000, 0x0000000708000000, 0x0000000708200000|  0%| F|  |TAMS 0x0000000708000000| PB 0x0000000708000000| Untracked 
|  29|0x0000000708200000, 0x0000000708200000, 0x0000000708400000|  0%| F|  |TAMS 0x0000000708200000| PB 0x0000000708200000| Untracked 
|  30|0x0000000708400000, 0x0000000708400000, 0x0000000708600000|  0%| F|  |TAMS 0x0000000708400000| PB 0x0000000708400000| Untracked 
|  31|0x0000000708600000, 0x0000000708600000, 0x0000000708800000|  0%| F|  |TAMS 0x0000000708600000| PB 0x0000000708600000| Untracked 
|  32|0x0000000708800000, 0x0000000708800000, 0x0000000708a00000|  0%| F|  |TAMS 0x0000000708800000| PB 0x0000000708800000| Untracked 
|  33|0x0000000708a00000, 0x0000000708a00000, 0x0000000708c00000|  0%| F|  |TAMS 0x0000000708a00000| PB 0x0000000708a00000| Untracked 
|  34|0x0000000708c00000, 0x0000000708c00000, 0x0000000708e00000|  0%| F|  |TAMS 0x0000000708c00000| PB 0x0000000708c00000| Untracked 
|  35|0x0000000708e00000, 0x0000000708e00000, 0x0000000709000000|  0%| F|  |TAMS 0x0000000708e00000| PB 0x0000000708e00000| Untracked 
|  36|0x0000000709000000, 0x0000000709000000, 0x0000000709200000|  0%| F|  |TAMS 0x0000000709000000| PB 0x0000000709000000| Untracked 
|  37|0x0000000709200000, 0x0000000709200000, 0x0000000709400000|  0%| F|  |TAMS 0x0000000709200000| PB 0x0000000709200000| Untracked 
|  38|0x0000000709400000, 0x0000000709400000, 0x0000000709600000|  0%| F|  |TAMS 0x0000000709400000| PB 0x0000000709400000| Untracked 
|  39|0x0000000709600000, 0x0000000709600000, 0x0000000709800000|  0%| F|  |TAMS 0x0000000709600000| PB 0x0000000709600000| Untracked 
|  40|0x0000000709800000, 0x0000000709800000, 0x0000000709a00000|  0%| F|  |TAMS 0x0000000709800000| PB 0x0000000709800000| Untracked 
|  41|0x0000000709a00000, 0x0000000709a00000, 0x0000000709c00000|  0%| F|  |TAMS 0x0000000709a00000| PB 0x0000000709a00000| Untracked 
|  42|0x0000000709c00000, 0x0000000709c00000, 0x0000000709e00000|  0%| F|  |TAMS 0x0000000709c00000| PB 0x0000000709c00000| Untracked 
|  43|0x0000000709e00000, 0x0000000709e00000, 0x000000070a000000|  0%| F|  |TAMS 0x0000000709e00000| PB 0x0000000709e00000| Untracked 
|  44|0x000000070a000000, 0x000000070a000000, 0x000000070a200000|  0%| F|  |TAMS 0x000000070a000000| PB 0x000000070a000000| Untracked 
|  45|0x000000070a200000, 0x000000070a200000, 0x000000070a400000|  0%| F|  |TAMS 0x000000070a200000| PB 0x000000070a200000| Untracked 
|  46|0x000000070a400000, 0x000000070a400000, 0x000000070a600000|  0%| F|  |TAMS 0x000000070a400000| PB 0x000000070a400000| Untracked 
|  47|0x000000070a600000, 0x000000070a600000, 0x000000070a800000|  0%| F|  |TAMS 0x000000070a600000| PB 0x000000070a600000| Untracked 
|  48|0x000000070a800000, 0x000000070a800000, 0x000000070aa00000|  0%| F|  |TAMS 0x000000070a800000| PB 0x000000070a800000| Untracked 
|  49|0x000000070aa00000, 0x000000070aa00000, 0x000000070ac00000|  0%| F|  |TAMS 0x000000070aa00000| PB 0x000000070aa00000| Untracked 
|  50|0x000000070ac00000, 0x000000070ac00000, 0x000000070ae00000|  0%| F|  |TAMS 0x000000070ac00000| PB 0x000000070ac00000| Untracked 
|  51|0x000000070ae00000, 0x000000070ae00000, 0x000000070b000000|  0%| F|  |TAMS 0x000000070ae00000| PB 0x000000070ae00000| Untracked 
|  52|0x000000070b000000, 0x000000070b000000, 0x000000070b200000|  0%| F|  |TAMS 0x000000070b000000| PB 0x000000070b000000| Untracked 
|  53|0x000000070b200000, 0x000000070b200000, 0x000000070b400000|  0%| F|  |TAMS 0x000000070b200000| PB 0x000000070b200000| Untracked 
|  54|0x000000070b400000, 0x000000070b400000, 0x000000070b600000|  0%| F|  |TAMS 0x000000070b400000| PB 0x000000070b400000| Untracked 
|  55|0x000000070b600000, 0x000000070b600000, 0x000000070b800000|  0%| F|  |TAMS 0x000000070b600000| PB 0x000000070b600000| Untracked 
|  56|0x000000070b800000, 0x000000070b800000, 0x000000070ba00000|  0%| F|  |TAMS 0x000000070b800000| PB 0x000000070b800000| Untracked 
|  57|0x000000070ba00000, 0x000000070ba00000, 0x000000070bc00000|  0%| F|  |TAMS 0x000000070ba00000| PB 0x000000070ba00000| Untracked 
|  58|0x000000070bc00000, 0x000000070bc00000, 0x000000070be00000|  0%| F|  |TAMS 0x000000070bc00000| PB 0x000000070bc00000| Untracked 
|  59|0x000000070be00000, 0x000000070be00000, 0x000000070c000000|  0%| F|  |TAMS 0x000000070be00000| PB 0x000000070be00000| Untracked 
|  60|0x000000070c000000, 0x000000070c000000, 0x000000070c200000|  0%| F|  |TAMS 0x000000070c000000| PB 0x000000070c000000| Untracked 
|  61|0x000000070c200000, 0x000000070c200000, 0x000000070c400000|  0%| F|  |TAMS 0x000000070c200000| PB 0x000000070c200000| Untracked 
|  62|0x000000070c400000, 0x000000070c400000, 0x000000070c600000|  0%| F|  |TAMS 0x000000070c400000| PB 0x000000070c400000| Untracked 
|  63|0x000000070c600000, 0x000000070c600000, 0x000000070c800000|  0%| F|  |TAMS 0x000000070c600000| PB 0x000000070c600000| Untracked 
|  64|0x000000070c800000, 0x000000070c800000, 0x000000070ca00000|  0%| F|  |TAMS 0x000000070c800000| PB 0x000000070c800000| Untracked 
|  65|0x000000070ca00000, 0x000000070ca00000, 0x000000070cc00000|  0%| F|  |TAMS 0x000000070ca00000| PB 0x000000070ca00000| Untracked 
|  66|0x000000070cc00000, 0x000000070cc00000, 0x000000070ce00000|  0%| F|  |TAMS 0x000000070cc00000| PB 0x000000070cc00000| Untracked 
|  67|0x000000070ce00000, 0x000000070ce00000, 0x000000070d000000|  0%| F|  |TAMS 0x000000070ce00000| PB 0x000000070ce00000| Untracked 
|  68|0x000000070d000000, 0x000000070d000000, 0x000000070d200000|  0%| F|  |TAMS 0x000000070d000000| PB 0x000000070d000000| Untracked 
|  69|0x000000070d200000, 0x000000070d200000, 0x000000070d400000|  0%| F|  |TAMS 0x000000070d200000| PB 0x000000070d200000| Untracked 
|  70|0x000000070d400000, 0x000000070d400000, 0x000000070d600000|  0%| F|  |TAMS 0x000000070d400000| PB 0x000000070d400000| Untracked 
|  71|0x000000070d600000, 0x000000070d600000, 0x000000070d800000|  0%| F|  |TAMS 0x000000070d600000| PB 0x000000070d600000| Untracked 
|  72|0x000000070d800000, 0x000000070d800000, 0x000000070da00000|  0%| F|  |TAMS 0x000000070d800000| PB 0x000000070d800000| Untracked 
|  73|0x000000070da00000, 0x000000070da00000, 0x000000070dc00000|  0%| F|  |TAMS 0x000000070da00000| PB 0x000000070da00000| Untracked 
|  74|0x000000070dc00000, 0x000000070dc00000, 0x000000070de00000|  0%| F|  |TAMS 0x000000070dc00000| PB 0x000000070dc00000| Untracked 
|  75|0x000000070de00000, 0x000000070de00000, 0x000000070e000000|  0%| F|  |TAMS 0x000000070de00000| PB 0x000000070de00000| Untracked 
|  76|0x000000070e000000, 0x000000070e000000, 0x000000070e200000|  0%| F|  |TAMS 0x000000070e000000| PB 0x000000070e000000| Untracked 
|  77|0x000000070e200000, 0x000000070e200000, 0x000000070e400000|  0%| F|  |TAMS 0x000000070e200000| PB 0x000000070e200000| Untracked 
|  78|0x000000070e400000, 0x000000070e400000, 0x000000070e600000|  0%| F|  |TAMS 0x000000070e400000| PB 0x000000070e400000| Untracked 
|  79|0x000000070e600000, 0x000000070e600000, 0x000000070e800000|  0%| F|  |TAMS 0x000000070e600000| PB 0x000000070e600000| Untracked 
|  80|0x000000070e800000, 0x000000070e800000, 0x000000070ea00000|  0%| F|  |TAMS 0x000000070e800000| PB 0x000000070e800000| Untracked 
|  81|0x000000070ea00000, 0x000000070ea00000, 0x000000070ec00000|  0%| F|  |TAMS 0x000000070ea00000| PB 0x000000070ea00000| Untracked 
|  82|0x000000070ec00000, 0x000000070ec00000, 0x000000070ee00000|  0%| F|  |TAMS 0x000000070ec00000| PB 0x000000070ec00000| Untracked 
|  83|0x000000070ee00000, 0x000000070ee00000, 0x000000070f000000|  0%| F|  |TAMS 0x000000070ee00000| PB 0x000000070ee00000| Untracked 
|  84|0x000000070f000000, 0x000000070f000000, 0x000000070f200000|  0%| F|  |TAMS 0x000000070f000000| PB 0x000000070f000000| Untracked 
|  85|0x000000070f200000, 0x000000070f200000, 0x000000070f400000|  0%| F|  |TAMS 0x000000070f200000| PB 0x000000070f200000| Untracked 
|  86|0x000000070f400000, 0x000000070f400000, 0x000000070f600000|  0%| F|  |TAMS 0x000000070f400000| PB 0x000000070f400000| Untracked 
|  87|0x000000070f600000, 0x000000070f600000, 0x000000070f800000|  0%| F|  |TAMS 0x000000070f600000| PB 0x000000070f600000| Untracked 
|  88|0x000000070f800000, 0x000000070f800000, 0x000000070fa00000|  0%| F|  |TAMS 0x000000070f800000| PB 0x000000070f800000| Untracked 
|  89|0x000000070fa00000, 0x000000070fa00000, 0x000000070fc00000|  0%| F|  |TAMS 0x000000070fa00000| PB 0x000000070fa00000| Untracked 
|  90|0x000000070fc00000, 0x000000070fc00000, 0x000000070fe00000|  0%| F|  |TAMS 0x000000070fc00000| PB 0x000000070fc00000| Untracked 
|  91|0x000000070fe00000, 0x000000070fe00000, 0x0000000710000000|  0%| F|  |TAMS 0x000000070fe00000| PB 0x000000070fe00000| Untracked 
|  92|0x0000000710000000, 0x0000000710000000, 0x0000000710200000|  0%| F|  |TAMS 0x0000000710000000| PB 0x0000000710000000| Untracked 
|  93|0x0000000710200000, 0x0000000710200000, 0x0000000710400000|  0%| F|  |TAMS 0x0000000710200000| PB 0x0000000710200000| Untracked 
|  94|0x0000000710400000, 0x0000000710400000, 0x0000000710600000|  0%| F|  |TAMS 0x0000000710400000| PB 0x0000000710400000| Untracked 
|  95|0x0000000710600000, 0x0000000710600000, 0x0000000710800000|  0%| F|  |TAMS 0x0000000710600000| PB 0x0000000710600000| Untracked 
|  96|0x0000000710800000, 0x0000000710800000, 0x0000000710a00000|  0%| F|  |TAMS 0x0000000710800000| PB 0x0000000710800000| Untracked 
|  97|0x0000000710a00000, 0x0000000710a00000, 0x0000000710c00000|  0%| F|  |TAMS 0x0000000710a00000| PB 0x0000000710a00000| Untracked 
|  98|0x0000000710c00000, 0x0000000710c00000, 0x0000000710e00000|  0%| F|  |TAMS 0x0000000710c00000| PB 0x0000000710c00000| Untracked 
|  99|0x0000000710e00000, 0x0000000710e00000, 0x0000000711000000|  0%| F|  |TAMS 0x0000000710e00000| PB 0x0000000710e00000| Untracked 
| 100|0x0000000711000000, 0x0000000711000000, 0x0000000711200000|  0%| F|  |TAMS 0x0000000711000000| PB 0x0000000711000000| Untracked 
| 101|0x0000000711200000, 0x0000000711200000, 0x0000000711400000|  0%| F|  |TAMS 0x0000000711200000| PB 0x0000000711200000| Untracked 
| 102|0x0000000711400000, 0x0000000711400000, 0x0000000711600000|  0%| F|  |TAMS 0x0000000711400000| PB 0x0000000711400000| Untracked 
| 103|0x0000000711600000, 0x0000000711600000, 0x0000000711800000|  0%| F|  |TAMS 0x0000000711600000| PB 0x0000000711600000| Untracked 
| 104|0x0000000711800000, 0x0000000711800000, 0x0000000711a00000|  0%| F|  |TAMS 0x0000000711800000| PB 0x0000000711800000| Untracked 
| 105|0x0000000711a00000, 0x0000000711a00000, 0x0000000711c00000|  0%| F|  |TAMS 0x0000000711a00000| PB 0x0000000711a00000| Untracked 
| 106|0x0000000711c00000, 0x0000000711c00000, 0x0000000711e00000|  0%| F|  |TAMS 0x0000000711c00000| PB 0x0000000711c00000| Untracked 
| 107|0x0000000711e00000, 0x0000000711e00000, 0x0000000712000000|  0%| F|  |TAMS 0x0000000711e00000| PB 0x0000000711e00000| Untracked 
| 108|0x0000000712000000, 0x00000007120d42f8, 0x0000000712200000| 41%| E|  |TAMS 0x0000000712000000| PB 0x0000000712000000| Complete 
| 109|0x0000000712200000, 0x0000000712210e80, 0x0000000712400000|  3%| S|CS|TAMS 0x0000000712200000| PB 0x0000000712200000| Complete 
| 110|0x0000000712400000, 0x0000000712600000, 0x0000000712600000|100%| S|CS|TAMS 0x0000000712400000| PB 0x0000000712400000| Complete 
| 111|0x0000000712600000, 0x0000000712800000, 0x0000000712800000|100%| E|CS|TAMS 0x0000000712600000| PB 0x0000000712600000| Complete 
| 112|0x0000000712800000, 0x0000000712a00000, 0x0000000712a00000|100%| E|CS|TAMS 0x0000000712800000| PB 0x0000000712800000| Complete 
| 113|0x0000000712a00000, 0x0000000712c00000, 0x0000000712c00000|100%| E|CS|TAMS 0x0000000712a00000| PB 0x0000000712a00000| Complete 
| 114|0x0000000712c00000, 0x0000000712e00000, 0x0000000712e00000|100%| E|  |TAMS 0x0000000712c00000| PB 0x0000000712c00000| Complete 
| 115|0x0000000712e00000, 0x0000000713000000, 0x0000000713000000|100%| E|CS|TAMS 0x0000000712e00000| PB 0x0000000712e00000| Complete 
| 116|0x0000000713000000, 0x0000000713200000, 0x0000000713200000|100%| E|CS|TAMS 0x0000000713000000| PB 0x0000000713000000| Complete 
| 117|0x0000000713200000, 0x0000000713400000, 0x0000000713400000|100%| E|CS|TAMS 0x0000000713200000| PB 0x0000000713200000| Complete 
| 118|0x0000000713400000, 0x0000000713600000, 0x0000000713600000|100%| E|CS|TAMS 0x0000000713400000| PB 0x0000000713400000| Complete 
| 119|0x0000000713600000, 0x0000000713800000, 0x0000000713800000|100%| E|CS|TAMS 0x0000000713600000| PB 0x0000000713600000| Complete 
| 120|0x0000000713800000, 0x0000000713a00000, 0x0000000713a00000|100%| E|CS|TAMS 0x0000000713800000| PB 0x0000000713800000| Complete 
| 121|0x0000000713a00000, 0x0000000713c00000, 0x0000000713c00000|100%| E|CS|TAMS 0x0000000713a00000| PB 0x0000000713a00000| Complete 
| 122|0x0000000713c00000, 0x0000000713e00000, 0x0000000713e00000|100%| E|CS|TAMS 0x0000000713c00000| PB 0x0000000713c00000| Complete 
| 123|0x0000000713e00000, 0x0000000714000000, 0x0000000714000000|100%| E|CS|TAMS 0x0000000713e00000| PB 0x0000000713e00000| Complete 
| 124|0x0000000714000000, 0x0000000714200000, 0x0000000714200000|100%| E|CS|TAMS 0x0000000714000000| PB 0x0000000714000000| Complete 
| 125|0x0000000714200000, 0x0000000714400000, 0x0000000714400000|100%| E|CS|TAMS 0x0000000714200000| PB 0x0000000714200000| Complete 

Card table byte_map: [0x000001d362220000,0x000001d362a00000] _byte_map_base: 0x000001d35e9fc000

Marking Bits: (CMBitMap*) 0x000001d349c2d040
 Bits: [0x000001d362a00000, 0x000001d3668e0000)

Polling page: 0x000001d347990000

Metaspace:

Usage:
  Non-class:     15.51 MB used.
      Class:      2.26 MB used.
       Both:     17.77 MB used.

Virtual space:
  Non-class space:       64.00 MB reserved,      15.69 MB ( 25%) committed,  1 nodes.
      Class space:        1.00 GB reserved,       2.38 MB ( <1%) committed,  1 nodes.
             Both:        1.06 GB reserved,      18.06 MB (  2%) committed. 

Chunk freelists:
   Non-Class:  16.00 KB
       Class:  13.62 MB
        Both:  13.64 MB

MaxMetaspaceSize: unlimited
CompressedClassSpaceSize: 1.00 GB
Initial GC threshold: 21.00 MB
Current GC threshold: 21.00 MB
CDS: on
 - commit_granule_bytes: 65536.
 - commit_granule_words: 8192.
 - virtual_space_node_default_size: 8388608.
 - enlarge_chunks_in_place: 1.
 - use_allocation_guard: 0.


Internal statistics:

num_allocs_failed_limit: 0.
num_arena_births: 320.
num_arena_deaths: 0.
num_vsnodes_births: 2.
num_vsnodes_deaths: 0.
num_space_committed: 289.
num_space_uncommitted: 0.
num_chunks_returned_to_freelist: 0.
num_chunks_taken_from_freelist: 943.
num_chunk_merges: 0.
num_chunk_splits: 620.
num_chunks_enlarged: 426.
num_inconsistent_stats: 0.

CodeHeap 'non-profiled nmethods': size=119168Kb used=1008Kb max_used=1008Kb free=118159Kb
 bounds [0x000001d359e70000, 0x000001d35a0e0000, 0x000001d3612d0000]
CodeHeap 'profiled nmethods': size=119104Kb used=5320Kb max_used=5320Kb free=113783Kb
 bounds [0x000001d3522d0000, 0x000001d352810000, 0x000001d359720000]
CodeHeap 'non-nmethods': size=7488Kb used=3058Kb max_used=3094Kb free=4429Kb
 bounds [0x000001d359720000, 0x000001d359a30000, 0x000001d359e70000]
CodeCache: size=245760Kb, used=9386Kb, max_used=9422Kb, free=236371Kb
 total_blobs=3249, nmethods=2720, adapters=430, full_count=0
Compilation: enabled, stopped_count=0, restarted_count=0

Compilation events (20 events):
Event: 0.960 Thread 0x000001d3699baaf0 2712       3       java.lang.Character::isLetter (18 bytes)
Event: 0.960 Thread 0x000001d3699baaf0 nmethod 2712 0x000001d3527fc810 code [0x000001d3527fc9e0, 0x000001d3527fcc88]
Event: 0.960 Thread 0x000001d369b3f390 nmethod 2711 0x000001d3527fcd90 code [0x000001d3527fcf60, 0x000001d3527fd270]
Event: 0.960 Thread 0x000001d369b3f390 2715  s    3       java.util.Properties::put (10 bytes)
Event: 0.960 Thread 0x000001d369b3f390 nmethod 2715 0x000001d3527fd390 code [0x000001d3527fd540, 0x000001d3527fd7c0]
Event: 0.963 Thread 0x000001d36ede2880 nmethod 2684 0x000001d359f65810 code [0x000001d359f65ac0, 0x000001d359f66db0]
Event: 0.963 Thread 0x000001d369b399d0 2718 %     3       java.util.Properties::load0 @ 29 (249 bytes)
Event: 0.963 Thread 0x000001d36e3be010 nmethod 2707 0x000001d359f67790 code [0x000001d359f67a40, 0x000001d359f68a98]
Event: 0.964 Thread 0x000001d36ede2880 2713       4       java.lang.AbstractStringBuilder::append (77 bytes)
Event: 0.964 Thread 0x000001d369b399d0 nmethod 2718% 0x000001d3527fd910 code [0x000001d3527fdb80, 0x000001d3527fe8c8]
Event: 0.964 Thread 0x000001d369a43710 2719       3       java.util.Properties::load0 (249 bytes)
Event: 0.964 Thread 0x000001d36e3be010 2716 %     4       java.util.Properties$LineReader::readLine @ 53 (584 bytes)
Event: 0.965 Thread 0x000001d369a43710 nmethod 2719 0x000001d3527fed90 code [0x000001d3527ff000, 0x000001d3527ffb80]
Event: 0.965 Thread 0x000001d369a43710 2720       1       java.util.concurrent.ConcurrentHashMap$MapEntry::getKey (5 bytes)
Event: 0.965 Thread 0x000001d3699baaf0 2721       1       java.util.concurrent.ConcurrentHashMap$MapEntry::getValue (5 bytes)
Event: 0.965 Thread 0x000001d369b399d0 2722       3       java.util.concurrent.ConcurrentHashMap$EntryIterator::next (5 bytes)
Event: 0.965 Thread 0x000001d369b3f390 2723       3       java.util.concurrent.ConcurrentHashMap$EntryIterator::next (51 bytes)
Event: 0.966 Thread 0x000001d369a43710 nmethod 2720 0x000001d359f69390 code [0x000001d359f69520, 0x000001d359f695f0]
Event: 0.966 Thread 0x000001d3699baaf0 nmethod 2721 0x000001d359f69690 code [0x000001d359f69820, 0x000001d359f698f0]
Event: 0.966 Thread 0x000001d369a43710 2724       3       java.util.concurrent.ConcurrentHashMap$MapEntry::<init> (20 bytes)

GC Heap History (4 events):
Event: 0.394 GC heap before
{Heap before GC invocations=0 (full 0):
 garbage-first heap   total 258048K, used 20480K [0x0000000704800000, 0x0000000800000000)
  region size 2048K, 11 young (22528K), 0 survivors (0K)
 Metaspace       used 4483K, committed 4736K, reserved 1114112K
  class space    used 507K, committed 640K, reserved 1048576K
}
Event: 0.397 GC heap after
{Heap after GC invocations=1 (full 0):
 garbage-first heap   total 258048K, used 7495K [0x0000000704800000, 0x0000000800000000)
  region size 2048K, 2 young (4096K), 2 survivors (4096K)
 Metaspace       used 4483K, committed 4736K, reserved 1114112K
  class space    used 507K, committed 640K, reserved 1048576K
}
Event: 0.729 GC heap before
{Heap before GC invocations=1 (full 0):
 garbage-first heap   total 258048K, used 32071K [0x0000000704800000, 0x0000000800000000)
  region size 2048K, 15 young (30720K), 2 survivors (4096K)
 Metaspace       used 11394K, committed 11712K, reserved 1114112K
  class space    used 1444K, committed 1600K, reserved 1048576K
}
Event: 0.732 GC heap after
{Heap after GC invocations=2 (full 0):
 garbage-first heap   total 258048K, used 9440K [0x0000000704800000, 0x0000000800000000)
  region size 2048K, 2 young (4096K), 2 survivors (4096K)
 Metaspace       used 11394K, committed 11712K, reserved 1114112K
  class space    used 1444K, committed 1600K, reserved 1048576K
}

Dll operation events (11 events):
Event: 0.005 Loaded shared library C:\Users\admn\.jdks\ms-21.0.9\bin\java.dll
Event: 0.029 Loaded shared library C:\Users\admn\.jdks\ms-21.0.9\bin\jsvml.dll
Event: 0.085 Loaded shared library C:\Users\admn\.jdks\ms-21.0.9\bin\zip.dll
Event: 0.087 Loaded shared library C:\Users\admn\.jdks\ms-21.0.9\bin\instrument.dll
Event: 0.090 Loaded shared library C:\Users\admn\.jdks\ms-21.0.9\bin\net.dll
Event: 0.091 Loaded shared library C:\Users\admn\.jdks\ms-21.0.9\bin\nio.dll
Event: 0.093 Loaded shared library C:\Users\admn\.jdks\ms-21.0.9\bin\zip.dll
Event: 0.187 Loaded shared library C:\Users\admn\.jdks\ms-21.0.9\bin\extnet.dll
Event: 0.211 Loaded shared library C:\Users\admn\.jdks\ms-21.0.9\bin\jimage.dll
Event: 0.378 Loaded shared library C:\Users\admn\.jdks\ms-21.0.9\bin\management.dll
Event: 0.381 Loaded shared library C:\Users\admn\.jdks\ms-21.0.9\bin\management_ext.dll

Deoptimization events (20 events):
Event: 0.908 Thread 0x000001d36eb2e620 Uncommon trap: trap_request=0xffffff45 fr.pc=0x000001d359e8cd88 relative=0x00000000000004a8
Event: 0.908 Thread 0x000001d36eb2e620 Uncommon trap: reason=unstable_if action=reinterpret pc=0x000001d359e8cd88 method=java.lang.StringLatin1.canEncode(I)Z @ 4 c2
Event: 0.908 Thread 0x000001d36eb2e620 DEOPT PACKING pc=0x000001d359e8cd88 sp=0x00000025000fdc80
Event: 0.908 Thread 0x000001d36eb2e620 DEOPT UNPACKING pc=0x000001d359774422 sp=0x00000025000fdbb8 mode 2
Event: 0.908 Thread 0x000001d36eb2e620 Uncommon trap: trap_request=0xffffff45 fr.pc=0x000001d359e8c274 relative=0x0000000000000494
Event: 0.908 Thread 0x000001d36eb2e620 Uncommon trap: reason=unstable_if action=reinterpret pc=0x000001d359e8c274 method=java.lang.AbstractStringBuilder.isLatin1()Z @ 10 c2
Event: 0.908 Thread 0x000001d36eb2e620 DEOPT PACKING pc=0x000001d359e8c274 sp=0x00000025000fdc90
Event: 0.908 Thread 0x000001d36eb2e620 DEOPT UNPACKING pc=0x000001d359774422 sp=0x00000025000fdc20 mode 2
Event: 0.908 Thread 0x000001d36eb2e620 Uncommon trap: trap_request=0xffffff45 fr.pc=0x000001d359ef258c relative=0x000000000000006c
Event: 0.908 Thread 0x000001d36eb2e620 Uncommon trap: reason=unstable_if action=reinterpret pc=0x000001d359ef258c method=java.lang.AbstractStringBuilder.isLatin1()Z @ 10 c2
Event: 0.908 Thread 0x000001d36eb2e620 DEOPT PACKING pc=0x000001d359ef258c sp=0x00000025000fdc90
Event: 0.908 Thread 0x000001d36eb2e620 DEOPT UNPACKING pc=0x000001d359774422 sp=0x00000025000fdc20 mode 2
Event: 0.909 Thread 0x000001d36eb2e620 Uncommon trap: trap_request=0xffffff45 fr.pc=0x000001d359ee4574 relative=0x0000000000000054
Event: 0.910 Thread 0x000001d36eb2e620 Uncommon trap: reason=unstable_if action=reinterpret pc=0x000001d359ee4574 method=java.lang.CharacterData.of(I)Ljava/lang/CharacterData; @ 4 c2
Event: 0.910 Thread 0x000001d36eb2e620 DEOPT PACKING pc=0x000001d359ee4574 sp=0x00000025000fd8b0
Event: 0.910 Thread 0x000001d36eb2e620 DEOPT UNPACKING pc=0x000001d359774422 sp=0x00000025000fd848 mode 2
Event: 0.922 Thread 0x000001d36e997970 Uncommon trap: trap_request=0xffffff45 fr.pc=0x000001d359f3bcc4 relative=0x00000000000000a4
Event: 0.922 Thread 0x000001d36e997970 Uncommon trap: reason=unstable_if action=reinterpret pc=0x000001d359f3bcc4 method=java.lang.ref.ReferenceQueue.poll()Ljava/lang/ref/Reference; @ 4 c2
Event: 0.922 Thread 0x000001d36e997970 DEOPT PACKING pc=0x000001d359f3bcc4 sp=0x000000257fffe290
Event: 0.922 Thread 0x000001d36e997970 DEOPT UNPACKING pc=0x000001d359774422 sp=0x000000257fffe178 mode 2

Classes loaded (20 events):
Event: 0.879 Loading class java/io/InvalidObjectException
Event: 0.879 Loading class java/io/InvalidObjectException done
Event: 0.881 Loading class java/util/concurrent/ConcurrentLinkedQueue
Event: 0.881 Loading class java/util/concurrent/ConcurrentLinkedQueue done
Event: 0.881 Loading class java/util/concurrent/ConcurrentLinkedQueue$Node
Event: 0.881 Loading class java/util/concurrent/ConcurrentLinkedQueue$Node done
Event: 0.882 Loading class java/util/concurrent/atomic/AtomicLongArray
Event: 0.882 Loading class java/util/concurrent/atomic/AtomicLongArray done
Event: 0.882 Loading class java/lang/invoke/VarHandleLongs$Array
Event: 0.882 Loading class java/lang/invoke/VarHandleLongs$Array done
Event: 0.882 Loading class java/util/concurrent/atomic/AtomicReferenceArray
Event: 0.882 Loading class java/util/concurrent/atomic/AtomicReferenceArray done
Event: 0.882 Loading class java/lang/invoke/VarHandleReferences$Array
Event: 0.882 Loading class java/lang/invoke/VarHandleReferences$Array done
Event: 0.906 Loading class sun/text/resources/cldr/FormatData_en
Event: 0.906 Loading class sun/text/resources/cldr/FormatData_en done
Event: 0.907 Loading class sun/text/resources/cldr/FormatData_en_US
Event: 0.907 Loading class sun/text/resources/cldr/FormatData_en_US done
Event: 0.921 Loading class java/io/CharArrayReader
Event: 0.921 Loading class java/io/CharArrayReader done

Classes unloaded (0 events):
No events

Classes redefined (0 events):
No events

Internal exceptions (20 events):
Event: 0.561 Thread 0x000001d36e997970 Exception <a 'java/lang/NoSuchMethodError'{0x000000071366c218}: 'void java.lang.invoke.DirectMethodHandle$Holder.invokeSpecial(java.lang.Object, java.lang.Object, java.lang.Object, java.lang.Object, java.lang.Object)'> (0x000000071366c218) 
thrown [s\src\hotspot\share\interpreter\linkResolver.cpp, line 773]
Event: 0.567 Thread 0x000001d36e997970 Exception <a 'java/lang/NoSuchMethodError'{0x00000007136b2330}: 'int java.lang.invoke.DirectMethodHandle$Holder.invokeVirtual(java.lang.Object, java.lang.Object)'> (0x00000007136b2330) 
thrown [s\src\hotspot\share\interpreter\linkResolver.cpp, line 773]
Event: 0.579 Thread 0x000001d36e997970 Exception <a 'java/lang/NoSuchMethodError'{0x000000071374ce60}: 'java.lang.Object java.lang.invoke.DirectMethodHandle$Holder.invokeSpecial(java.lang.Object, java.lang.Object, java.lang.Object, int, java.lang.Object)'> (0x000000071374ce60) 
thrown [s\src\hotspot\share\interpreter\linkResolver.cpp, line 773]
Event: 0.579 Thread 0x000001d36e997970 Exception <a 'java/lang/NoSuchMethodError'{0x0000000713754b80}: 'java.lang.Object java.lang.invoke.DirectMethodHandle$Holder.newInvokeSpecial(java.lang.Object, java.lang.Object, java.lang.Object, int, java.lang.Object)'> (0x0000000713754b80) 
thrown [s\src\hotspot\share\interpreter\linkResolver.cpp, line 773]
Event: 0.579 Thread 0x000001d36e997970 Exception <a 'java/lang/NoSuchMethodError'{0x000000071375c108}: 'java.lang.Object java.lang.invoke.Invokers$Holder.linkToTargetMethod(java.lang.Object, java.lang.Object, int, java.lang.Object, java.lang.Object)'> (0x000000071375c108) 
thrown [s\src\hotspot\share\interpreter\linkResolver.cpp, line 773]
Event: 0.580 Thread 0x000001d36e997970 Exception <a 'java/lang/NoSuchMethodError'{0x000000071376a558}: 'java.lang.Object java.lang.invoke.DirectMethodHandle$Holder.newInvokeSpecial(java.lang.Object, int, java.lang.Object)'> (0x000000071376a558) 
thrown [s\src\hotspot\share\interpreter\linkResolver.cpp, line 773]
Event: 0.580 Thread 0x000001d36e997970 Exception <a 'java/lang/NoSuchMethodError'{0x000000071376f2e0}: 'int java.lang.invoke.DirectMethodHandle$Holder.invokeSpecialIFC(java.lang.Object, java.lang.Object, java.lang.Object, java.lang.Object)'> (0x000000071376f2e0) 
thrown [s\src\hotspot\share\interpreter\linkResolver.cpp, line 773]
Event: 0.591 Thread 0x000001d36e997970 Exception <a 'java/lang/NoSuchMethodError'{0x000000071343ad08}: 'void java.lang.invoke.DirectMethodHandle$Holder.invokeInterface(java.lang.Object, java.lang.Object, java.lang.Object)'> (0x000000071343ad08) 
thrown [s\src\hotspot\share\interpreter\linkResolver.cpp, line 773]
Event: 0.603 Thread 0x000001d36e997970 Exception <a 'java/lang/NoSuchMethodError'{0x00000007134d81a0}: 'void java.lang.invoke.DirectMethodHandle$Holder.invokeStaticInit(java.lang.Object, java.lang.Object, java.lang.Object)'> (0x00000007134d81a0) 
thrown [s\src\hotspot\share\interpreter\linkResolver.cpp, line 773]
Event: 0.605 Thread 0x000001d36e997970 Exception <a 'java/lang/NoSuchMethodError'{0x00000007135214c0}: 'java.lang.Object java.lang.invoke.DirectMethodHandle$Holder.invokeVirtual(java.lang.Object, java.lang.Object, java.lang.Object)'> (0x00000007135214c0) 
thrown [s\src\hotspot\share\interpreter\linkResolver.cpp, line 773]
Event: 0.616 Thread 0x000001d36e997970 Exception <a 'java/lang/NoSuchMethodError'{0x0000000713596500}: 'void java.lang.invoke.DirectMethodHandle$Holder.invokeVirtual(java.lang.Object, java.lang.Object, java.lang.Object, java.lang.Object)'> (0x0000000713596500) 
thrown [s\src\hotspot\share\interpreter\linkResolver.cpp, line 773]
Event: 0.671 Thread 0x000001d36e997970 Exception <a 'java/lang/NoSuchMethodError'{0x00000007130e6600}: 'java.lang.reflect.Field[] java.lang.Class.getDeclaredFields(java.lang.Class)'> (0x00000007130e6600) 
thrown [s\src\hotspot\share\interpreter\linkResolver.cpp, line 773]
Event: 0.672 Thread 0x000001d36e997970 Exception <a 'java/lang/NoSuchMethodError'{0x00000007130eb010}: 'java.lang.Object java.lang.invoke.DirectMethodHandle$Holder.invokeStatic(java.lang.Object, java.lang.Object, int)'> (0x00000007130eb010) 
thrown [s\src\hotspot\share\interpreter\linkResolver.cpp, line 773]
Event: 0.673 Thread 0x000001d36e997970 Exception <a 'java/lang/NoSuchMethodError'{0x00000007130f6460}: 'void java.lang.invoke.DelegatingMethodHandle$Holder.delegate(java.lang.Object, java.lang.Object, int, java.lang.Object)'> (0x00000007130f6460) 
thrown [s\src\hotspot\share\interpreter\linkResolver.cpp, line 773]
Event: 0.679 Thread 0x000001d36e997970 Exception <a 'java/lang/IncompatibleClassChangeError'{0x00000007131e60b8}: Found class java.lang.Object, but interface was expected> (0x00000007131e60b8) 
thrown [s\src\hotspot\share\interpreter\linkResolver.cpp, line 840]
Event: 0.681 Thread 0x000001d36e997970 Exception <a 'java/lang/NoSuchMethodError'{0x0000000712e223f0}: 'java.lang.Object java.lang.invoke.DirectMethodHandle$Holder.invokeStaticInit(java.lang.Object, int)'> (0x0000000712e223f0) 
thrown [s\src\hotspot\share\interpreter\linkResolver.cpp, line 773]
Event: 0.682 Thread 0x000001d36e997970 Exception <a 'java/lang/NoSuchMethodError'{0x0000000712e2c718}: 'java.lang.Object java.lang.invoke.DirectMethodHandle$Holder.invokeStatic(java.lang.Object, int, java.lang.Object)'> (0x0000000712e2c718) 
thrown [s\src\hotspot\share\interpreter\linkResolver.cpp, line 773]
Event: 0.682 Thread 0x000001d36e997970 Exception <a 'java/lang/NoSuchMethodError'{0x0000000712e2fda8}: 'java.lang.Object java.lang.invoke.DirectMethodHandle$Holder.invokeStaticInit(java.lang.Object, int, java.lang.Object)'> (0x0000000712e2fda8) 
thrown [s\src\hotspot\share\interpreter\linkResolver.cpp, line 773]
Event: 0.831 Thread 0x000001d36e997970 Exception <a 'java/lang/NoSuchMethodError'{0x00000007137ef730}: 'int java.lang.invoke.DirectMethodHandle$Holder.invokeSpecial(java.lang.Object, java.lang.Object, java.lang.Object, java.lang.Object, java.lang.Object)'> (0x00000007137ef730) 
thrown [s\src\hotspot\share\interpreter\linkResolver.cpp, line 773]
Event: 0.833 Thread 0x000001d36e997970 Exception <a 'java/lang/NoSuchMethodError'{0x00000007137f7b60}: 'void java.lang.invoke.DirectMethodHandle$Holder.invokeVirtual(java.lang.Object, java.lang.Object)'> (0x00000007137f7b60) 
thrown [s\src\hotspot\share\interpreter\linkResolver.cpp, line 773]

ZGC Phase Switch (0 events):
No events

VM Operations (20 events):
Event: 0.583 Executing VM operation: ICBufferFull
Event: 0.583 Executing VM operation: ICBufferFull done
Event: 0.651 Executing VM operation: HandshakeAllThreads (Deoptimize)
Event: 0.651 Executing VM operation: HandshakeAllThreads (Deoptimize) done
Event: 0.653 Executing VM operation: HandshakeAllThreads (Deoptimize)
Event: 0.653 Executing VM operation: HandshakeAllThreads (Deoptimize) done
Event: 0.654 Executing VM operation: HandshakeAllThreads (Deoptimize)
Event: 0.654 Executing VM operation: HandshakeAllThreads (Deoptimize) done
Event: 0.672 Executing VM operation: HandshakeAllThreads (Deoptimize)
Event: 0.672 Executing VM operation: HandshakeAllThreads (Deoptimize) done
Event: 0.729 Executing VM operation: G1CollectForAllocation (G1 Evacuation Pause)
Event: 0.732 Executing VM operation: G1CollectForAllocation (G1 Evacuation Pause) done
Event: 0.793 Executing VM operation: HandshakeAllThreads (Deoptimize)
Event: 0.793 Executing VM operation: HandshakeAllThreads (Deoptimize) done
Event: 0.818 Executing VM operation: HandshakeAllThreads (Deoptimize)
Event: 0.818 Executing VM operation: HandshakeAllThreads (Deoptimize) done
Event: 0.910 Executing VM operation: HandshakeAllThreads (Deoptimize)
Event: 0.910 Executing VM operation: HandshakeAllThreads (Deoptimize) done
Event: 0.938 Executing VM operation: ICBufferFull
Event: 0.938 Executing VM operation: ICBufferFull done

Memory protections (0 events):
No events

Nmethod flushes (0 events):
No events

Events (20 events):
Event: 0.027 Thread 0x000001d34766bff0 Thread added: 0x000001d36998e780
Event: 0.027 Thread 0x000001d34766bff0 Thread added: 0x000001d3699928c0
Event: 0.027 Thread 0x000001d34766bff0 Thread added: 0x000001d369993310
Event: 0.027 Thread 0x000001d34766bff0 Thread added: 0x000001d369994a00
Event: 0.027 Thread 0x000001d34766bff0 Thread added: 0x000001d369998270
Event: 0.027 Thread 0x000001d34766bff0 Thread added: 0x000001d369996550
Event: 0.027 Thread 0x000001d34766bff0 Thread added: 0x000001d3699baaf0
Event: 0.029 Thread 0x000001d3699baaf0 Thread added: 0x000001d369a43710
Event: 0.081 Thread 0x000001d3699baaf0 Thread added: 0x000001d369b399d0
Event: 0.081 Thread 0x000001d369a43710 Thread added: 0x000001d369b3f390
Event: 0.084 Thread 0x000001d369a43710 Thread added: 0x000001d369b6c080
Event: 0.088 Thread 0x000001d34766bff0 Thread added: 0x000001d369c0a4d0
Event: 0.182 Thread 0x000001d34766bff0 Thread added: 0x000001d369be7d70
Event: 0.182 Thread 0x000001d34766bff0 Thread added: 0x000001d369be83d0
Event: 0.254 Thread 0x000001d369b399d0 Thread added: 0x000001d36e3be010
Event: 0.408 Thread 0x000001d34766bff0 Thread added: 0x000001d36e9562a0
Event: 0.413 Thread 0x000001d36e9562a0 Thread added: 0x000001d36e997970
Event: 0.669 Thread 0x000001d36e997970 Thread added: 0x000001d36eb2e620
Event: 0.891 Thread 0x000001d3699baaf0 Thread added: 0x000001d36fd5bf70
Event: 0.905 Thread 0x000001d369b399d0 Thread added: 0x000001d36ede2880


Dynamic libraries:
0x00007ff710170000 - 0x00007ff71017e000 	C:\Users\admn\.jdks\ms-21.0.9\bin\java.exe
0x00007ff80df20000 - 0x00007ff80e187000 	C:\WINDOWS\SYSTEM32\ntdll.dll
0x00007ff80bd10000 - 0x00007ff80bdd9000 	C:\WINDOWS\System32\KERNEL32.DLL
0x00007ff80b1b0000 - 0x00007ff80b59f000 	C:\WINDOWS\System32\KERNELBASE.dll
0x00007ff80bb40000 - 0x00007ff80bc8b000 	C:\WINDOWS\System32\ucrtbase.dll
0x00007ff802800000 - 0x00007ff80281e000 	C:\Users\admn\.jdks\ms-21.0.9\bin\VCRUNTIME140.dll
0x00007ff805920000 - 0x00007ff805938000 	C:\Users\admn\.jdks\ms-21.0.9\bin\jli.dll
0x00007ff80be90000 - 0x00007ff80c055000 	C:\WINDOWS\System32\USER32.dll
0x00007ffff45a0000 - 0x00007ffff4833000 	C:\WINDOWS\WinSxS\amd64_microsoft.windows.common-controls_6595b64144ccf1df_6.0.26100.7309_none_3e05feeae336a044\COMCTL32.dll
0x00007ff80bc90000 - 0x00007ff80bcb7000 	C:\WINDOWS\System32\win32u.dll
0x00007ff80db60000 - 0x00007ff80dc09000 	C:\WINDOWS\System32\msvcrt.dll
0x00007ff80d6e0000 - 0x00007ff80d70b000 	C:\WINDOWS\System32\GDI32.dll
0x00007ff80ba10000 - 0x00007ff80bb3c000 	C:\WINDOWS\System32\gdi32full.dll
0x00007ff80b5b0000 - 0x00007ff80b653000 	C:\WINDOWS\System32\msvcp_win.dll
0x00007ff80dea0000 - 0x00007ff80ded1000 	C:\WINDOWS\System32\IMM32.DLL
0x00007ff8027f0000 - 0x00007ff8027fc000 	C:\Users\admn\.jdks\ms-21.0.9\bin\vcruntime140_1.dll
0x00007ffff9880000 - 0x00007ffff9909000 	C:\Users\admn\.jdks\ms-21.0.9\bin\msvcp140.dll
0x00007fff9a500000 - 0x00007fff9b2ad000 	C:\Users\admn\.jdks\ms-21.0.9\bin\server\jvm.dll
0x00007ff80d9f0000 - 0x00007ff80daa4000 	C:\WINDOWS\System32\ADVAPI32.dll
0x00007ff80bde0000 - 0x00007ff80be86000 	C:\WINDOWS\System32\sechost.dll
0x00007ff80c3f0000 - 0x00007ff80c508000 	C:\WINDOWS\System32\RPCRT4.dll
0x00007ff80c280000 - 0x00007ff80c2f4000 	C:\WINDOWS\System32\WS2_32.dll
0x00007ff802f80000 - 0x00007ff802fb5000 	C:\WINDOWS\SYSTEM32\WINMM.dll
0x00007ff80aed0000 - 0x00007ff80af2e000 	C:\WINDOWS\SYSTEM32\POWRPROF.dll
0x00007ff8023e0000 - 0x00007ff8023eb000 	C:\WINDOWS\SYSTEM32\VERSION.dll
0x00007ff80aeb0000 - 0x00007ff80aec4000 	C:\WINDOWS\SYSTEM32\UMPDC.dll
0x00007ff809d80000 - 0x00007ff809d9b000 	C:\WINDOWS\SYSTEM32\kernel.appcore.dll
0x00007ff8027e0000 - 0x00007ff8027ea000 	C:\Users\admn\.jdks\ms-21.0.9\bin\jimage.dll
0x00007ff808740000 - 0x00007ff808982000 	C:\WINDOWS\SYSTEM32\DBGHELP.DLL
0x00007ff80d350000 - 0x00007ff80d6d5000 	C:\WINDOWS\System32\combase.dll
0x00007ff80cd20000 - 0x00007ff80cdf6000 	C:\WINDOWS\System32\OLEAUT32.dll
0x00007ffff26c0000 - 0x00007ffff26fc000 	C:\WINDOWS\SYSTEM32\dbgcore.DLL
0x00007ff80b100000 - 0x00007ff80b1a5000 	C:\WINDOWS\System32\bcryptPrimitives.dll
0x00007ff8027d0000 - 0x00007ff8027e0000 	C:\Users\admn\.jdks\ms-21.0.9\bin\instrument.dll
0x00007ff8027a0000 - 0x00007ff8027c1000 	C:\Users\admn\.jdks\ms-21.0.9\bin\java.dll
0x00007ff80c590000 - 0x00007ff80cce3000 	C:\WINDOWS\System32\SHELL32.dll
0x00007ff80b8a0000 - 0x00007ff80ba0a000 	C:\WINDOWS\System32\wintypes.dll
0x00007ff808cb0000 - 0x00007ff80950e000 	C:\WINDOWS\SYSTEM32\windows.storage.dll
0x00007ff80d8f0000 - 0x00007ff80d9e5000 	C:\WINDOWS\System32\SHCORE.dll
0x00007ff80c380000 - 0x00007ff80c3e6000 	C:\WINDOWS\System32\shlwapi.dll
0x00007ff80af90000 - 0x00007ff80afb9000 	C:\WINDOWS\SYSTEM32\profapi.dll
0x00007fffdcd50000 - 0x00007fffdce26000 	C:\Users\admn\.jdks\ms-21.0.9\bin\jsvml.dll
0x00007ffff9860000 - 0x00007ffff9878000 	C:\Users\admn\.jdks\ms-21.0.9\bin\zip.dll
0x00007ff802780000 - 0x00007ff802791000 	C:\Users\admn\.jdks\ms-21.0.9\bin\net.dll
0x00007ff800fc0000 - 0x00007ff8010e8000 	C:\WINDOWS\SYSTEM32\WINHTTP.dll
0x00007ff80a390000 - 0x00007ff80a3fb000 	C:\WINDOWS\system32\mswsock.dll
0x00007ff802320000 - 0x00007ff802336000 	C:\Users\admn\.jdks\ms-21.0.9\bin\nio.dll
0x00007ffff97f0000 - 0x00007ffff97f9000 	C:\Users\admn\.jdks\ms-21.0.9\bin\extnet.dll
0x00007ffff97e0000 - 0x00007ffff97ea000 	C:\Users\admn\.jdks\ms-21.0.9\bin\management.dll
0x00007ffff9700000 - 0x00007ffff970c000 	C:\Users\admn\.jdks\ms-21.0.9\bin\management_ext.dll
0x00007ff80de80000 - 0x00007ff80de88000 	C:\WINDOWS\System32\PSAPI.DLL

JVMTI agents:
C:\Users\admn\IntelliJ IDEA 2025.2.3\lib\idea_rt.jar path:C:\Users\admn\.jdks\ms-21.0.9\bin\instrument.dll, loaded, initialized, instrumentlib options:52967

dbghelp: loaded successfully - version: 4.0.5 - missing functions: none
symbol engine: initialized successfully - sym options: 0x614 - pdb path: .;C:\Users\admn\.jdks\ms-21.0.9\bin;C:\WINDOWS\SYSTEM32;C:\WINDOWS\WinSxS\amd64_microsoft.windows.common-controls_6595b64144ccf1df_6.0.26100.7309_none_3e05feeae336a044;C:\Users\admn\.jdks\ms-21.0.9\bin\server

VM Arguments:
jvm_args: -javaagent:C:\Users\admn\IntelliJ IDEA 2025.2.3\lib\idea_rt.jar=52967 -Dfile.encoding=UTF-8 -Dsun.stdout.encoding=UTF-8 -Dsun.stderr.encoding=UTF-8 
java_command: com.pdp.restaurant.Application
java_class_path (initial): E:\PhamDinhPhungProject3\pdp.restaurant\target\classes;C:\Users\admn\.m2\repository\org\springframework\boot\spring-boot-starter-web\3.4.12\spring-boot-starter-web-3.4.12.jar;C:\Users\admn\.m2\repository\org\springframework\boot\spring-boot-starter\3.4.12\spring-boot-starter-3.4.12.jar;C:\Users\admn\.m2\repository\org\springframework\boot\spring-boot-starter-logging\3.4.12\spring-boot-starter-logging-3.4.12.jar;C:\Users\admn\.m2\repository\ch\qos\logback\logback-classic\1.5.21\logback-classic-1.5.21.jar;C:\Users\admn\.m2\repository\ch\qos\logback\logback-core\1.5.21\logback-core-1.5.21.jar;C:\Users\admn\.m2\repository\org\apache\logging\log4j\log4j-to-slf4j\2.24.3\log4j-to-slf4j-2.24.3.jar;C:\Users\admn\.m2\repository\org\apache\logging\log4j\log4j-api\2.24.3\log4j-api-2.24.3.jar;C:\Users\admn\.m2\repository\org\slf4j\jul-to-slf4j\2.0.17\jul-to-slf4j-2.0.17.jar;C:\Users\admn\.m2\repository\jakarta\annotation\jakarta.annotation-api\2.1.1\jakarta.annotation-api-2.1.1.jar;C:\Users\admn\.m2\repository\org\yaml\snakeyaml\2.3\snakeyaml-2.3.jar;C:\Users\admn\.m2\repository\org\springframework\boot\spring-boot-starter-json\3.4.12\spring-boot-starter-json-3.4.12.jar;C:\Users\admn\.m2\repository\com\fasterxml\jackson\core\jackson-databind\2.18.5\jackson-databind-2.18.5.jar;C:\Users\admn\.m2\repository\com\fasterxml\jackson\core\jackson-annotations\2.18.5\jackson-annotations-2.18.5.jar;C:\Users\admn\.m2\repository\com\fasterxml\jackson\core\jackson-core\2.18.5\jackson-core-2.18.5.jar;C:\Users\admn\.m2\repository\com\fasterxml\jackson\datatype\jackson-datatype-jdk8\2.18.5\jackson-datatype-jdk8-2.18.5.jar;C:\Users\admn\.m2\repository\com\fasterxml\jackson\datatype\jackson-datatype-jsr310\2.18.5\jackson-datatype-jsr310-2.18.5.jar;C:\Users\admn\.m2\repository\com\fasterxml\jackson\module\jackson-module-parameter-names\2.18.5\jackson-module-parameter-names-2.18.5.jar;C:\Users\admn\.m2\repository\org\springframework\boot\spring-boot-starter-tomcat\3.4.12\spring-boot-starter-tomcat-3.4.12.jar;C:\Users\admn\.m2\repository\org\apache\tomcat\embed\tomcat-embed-core\10.1.49\tomcat-embed-core-10.1.49.jar;C:\Users\admn\.m2\repository\org\apache\tomcat\embed\tomcat-embed-websocket\10.1.49\tomcat-embed-websocket-10.1.49.jar;C:\Users\admn\.m2\repository\org\springframework\spring-web\6.2.14\spring-web-6.2.14.jar;C:\Users\admn\.m2\repository\org\springframework\spring-beans\6.2.14\spring-beans-6.2.14.jar;C:\Users\admn\.m2\repository\io\micrometer\micrometer-observation\1.14.13\micrometer-observation-1.14.13.jar;C:\Users\admn\.m2\repository\io\micrometer\micrometer-commons\1.14.13\micrometer-commons-1.14.13.jar;C:\Users\admn\.m2\repository\org\springframework\spring-webmvc\6.2.14\spring-webmvc-6.2.14.jar;C:\Users\admn\.m2\repository\org\springframework\spring-context\6.2.14\spring-context-6.2.14.jar;C:\Users\admn\.m2\repository\org\springframework\spring-expression\6.2.14\spring-expression-6.2.14.jar;C:\Users\admn\.m2\repository\org\springframework\boot\spring-boot-starter-thymeleaf\3.4.12\spring-boot-starter-thymeleaf-3.4.12.jar;C:\Users\admn\.m2\repository\org\thymeleaf\thymeleaf-spring6\3.1.3.RELEASE\thymeleaf-spring6-3.1.3.RELEASE.jar;C:\Users\admn\.m2\repository\org\thymeleaf\thymeleaf\3.1.3.RELEASE\thymeleaf-3.1.3.RELEASE.jar;C:\Users\admn\.m2\repository\org\attoparser\attoparser\2.0.7.RELEASE\attoparser-2.0.7.RELEASE.jar;C:\Users\admn\.m2\repository\org\unbescape\unbescape\1.1.6.RELEASE\unbescape-1.1.6.RELEASE.jar;C:\Users\admn\.m2\repository\org\thymeleaf\extras\thymeleaf-extras-springsecurity6\3.1.3.RELEASE\thymeleaf-extras-springsecurity6-3.1.3.RELEASE.jar;C:\Users\admn\.m2\repository\org\slf4j\slf4j-api\2.0.17\slf4j-api-2.0.17.jar;C:\Users\admn\.m2\repository\org\springframework\boot\spring-boot-starter-data-jpa\3.4.12\spring-boot-starter-data-jpa-3.4.12.jar;C:\Users\admn\.m2\repository\org\springframework\boot\spring-boot-starter-jdbc\3.4.12\spring-boot-starter-jdbc-3.4.12.jar;C:\Users\admn\.m2\repository\com\zaxxer\HikariCP\5.1.0\HikariCP-5.1.0.jar;C:\Users\admn\.m2\repository\org\springframework\spring-jdbc\6.2.14\spring-jdbc-6.2.14.jar;C:\Users\admn\.m2\repository\org\hibernate\orm\hibernate-core\6.6.36.Final\hibernate-core-6.6.36.Final.jar;C:\Users\admn\.m2\repository\jakarta\persistence\jakarta.persistence-api\3.1.0\jakarta.persistence-api-3.1.0.jar;C:\Users\admn\.m2\repository\jakarta\transaction\jakarta.transaction-api\2.0.1\jakarta.transaction-api-2.0.1.jar;C:\Users\admn\.m2\repository\org\jboss\logging\jboss-logging\3.6.1.Final\jboss-logging-3.6.1.Final.jar;C:\Users\admn\.m2\repository\org\hibernate\common\hibernate-commons-annotations\7.0.3.Final\hibernate-commons-annotations-7.0.3.Final.jar;C:\Users\admn\.m2\repository\io\smallrye\jandex\3.2.0\jandex-3.2.0.jar;C:\Users\admn\.m2\repository\com\fasterxml\classmate\1.7.1\classmate-1.7.1.jar;C:\Users\admn\.m2\repository\net\bytebuddy\byte-buddy\1.15.11\byte-buddy-1.15.11.jar;C:\Users\admn\.m2\repository\org\glassfish\jaxb\jaxb-runtime\4.0.6\jaxb-runtime-4.0.6.jar;C:\Users\admn\.m2\repository\org\glassfish\jaxb\jaxb-core\4.0.6\jaxb-core-4.0.6.jar;C:\Users\admn\.m2\repository\org\eclipse\angus\angus-activation\2.0.3\angus-activation-2.0.3.jar;C:\Users\admn\.m2\repository\org\glassfish\jaxb\txw2\4.0.6\txw2-4.0.6.jar;C:\Users\admn\.m2\repository\com\sun\istack\istack-commons-runtime\4.1.2\istack-commons-runtime-4.1.2.jar;C:\Users\admn\.m2\repository\jakarta\inject\jakarta.inject-api\2.0.1\jakarta.inject-api-2.0.1.jar;C:\Users\admn\.m2\repository\org\antlr\antlr4-runtime\4.13.0\antlr4-runtime-4.13.0.jar;C:\Users\admn\.m2\repository\org\springframework\data\spring-data-jpa\3.4.12\spring-data-jpa-3.4.12.jar;C:\Users\admn\.m2\repository\org\springframework\data\spring-data-commons\3.4.12\spring-data-commons-3.4.12.jar;C:\Users\admn\.m2\repository\org\springframework\spring-orm\6.2.14\spring-orm-6.2.14.jar;C:\Users\admn\.m2\repository\org\springframework\spring-tx\6.2.14\spring-tx-6.2.14.jar;C:\Users\admn\.m2\repository\org\springframework\spring-aspects\6.2.14\spring-aspects-6.2.14.jar;C:\Users\admn\.m2\repository\org\aspectj\aspectjweaver\1.9.25\aspectjweaver-1.9.25.jar;C:\Users\admn\.m2\repository\org\springframework\boot\spring-boot-starter-security\3.4.12\spring-boot-starter-security-3.4.12.jar;C:\Users\admn\.m2\repository\org\springframework\spring-aop\6.2.14\spring-aop-6.2.14.jar;C:\Users\admn\.m2\repository\org\springframework\security\spring-security-config\6.4.13\spring-security-config-6.4.13.jar;C:\Users\admn\.m2\repository\org\springframework\security\spring-security-web\6.4.13\spring-security-web-6.4.13.jar;C:\Users\admn\.m2\repository\org\springframework\boot\spring-boot-starter-validation\3.4.12\spring-boot-starter-validation-3.4.12.jar;C:\Users\admn\.m2\repository\org\apache\tomcat\embed\tomcat-embed-el\10.1.49\tomcat-embed-el-10.1.49.jar;C:\Users\admn\.m2\repository\org\hibernate\validator\hibernate-validator\8.0.3.Final\hibernate-validator-8.0.3.Final.jar;C:\Users\admn\.m2\repository\jakarta\validation\jakarta.validation-api\3.0.2\jakarta.validation-api-3.0.2.jar;C:\Users\admn\.m2\repository\com\mysql\mysql-connector-j\9.5.0\mysql-connector-j-9.5.0.jar;C:\Users\admn\.m2\repository\org\projectlombok\lombok\1.18.42\lombok-1.18.42.jar;C:\Users\admn\.m2\repository\org\springframework\boot\spring-boot-devtools\3.4.12\spring-boot-devtools-3.4.12.jar;C:\Users\admn\.m2\repository\org\springframework\boot\spring-boot\3.4.12\spring-boot-3.4.12.jar;C:\Users\admn\.m2\repository\org\springframework\boot\spring-boot-autoconfigure\3.4.12\spring-boot-autoconfigure-3.4.12.jar;C:\Users\admn\.m2\repository\jakarta\xml\bind\jakarta.xml.bind-api\4.0.4\jakarta.xml.bind-api-4.0.4.jar;C:\Users\admn\.m2\repository\jakarta\activation\jakarta.activation-api\2.1.4\jakarta.activation-api-2.1.4.jar;C:\Users\admn\.m2\repository\org\springframework\spring-core\6.2.14\spring-core-6.2.14.jar;C:\Users\admn\.m2\repository\org\springframework\spring-jcl\6.2.14\spring-jcl-6.2.14.jar;C:\Users\admn\.m2\repository\org\springframework\security\spring-security-core\6.4.13\spring-security-core-6.4.13.jar;C:\Users\admn\.m2\repository\org\springframework\security\spring-security-crypto\6.4.13\spring-security-crypto-6.4.13.jar
Launcher Type: SUN_STANDARD

[Global flags]
     intx CICompilerCount                          = 12                                        {product} {ergonomic}
     uint ConcGCThreads                            = 3                                         {product} {ergonomic}
     uint G1ConcRefinementThreads                  = 13                                        {product} {ergonomic}
   size_t G1HeapRegionSize                         = 2097152                                   {product} {ergonomic}
    uintx GCDrainStackTargetSize                   = 64                                        {product} {ergonomic}
   size_t InitialHeapSize                          = 264241152                                 {product} {ergonomic}
   size_t MarkStackSize                            = 4194304                                   {product} {ergonomic}
   size_t MaxHeapSize                              = 4219469824                                {product} {ergonomic}
   size_t MaxNewSize                               = 2531262464                                {product} {ergonomic}
   size_t MinHeapDeltaBytes                        = 2097152                                   {product} {ergonomic}
   size_t MinHeapSize                              = 8388608                                   {product} {ergonomic}
    uintx NonNMethodCodeHeapSize                   = 7602480                                {pd product} {ergonomic}
    uintx NonProfiledCodeHeapSize                  = 122027880                              {pd product} {ergonomic}
    uintx ProfiledCodeHeapSize                     = 122027880                              {pd product} {ergonomic}
    uintx ReservedCodeCacheSize                    = 251658240                              {pd product} {ergonomic}
     bool SegmentedCodeCache                       = true                                      {product} {ergonomic}
   size_t SoftMaxHeapSize                          = 4219469824                             {manageable} {ergonomic}
     bool UseCompressedOops                        = true                           {product lp64_product} {ergonomic}
     bool UseG1GC                                  = true                                      {product} {ergonomic}
     bool UseLargePagesIndividualAllocation        = false                                  {pd product} {ergonomic}

Logging:
Log output configuration:
 #0: stdout all=warning uptime,level,tags foldmultilines=false
 #1: stderr all=off uptime,level,tags foldmultilines=false

Release file:
IMPLEMENTOR="Microsoft" 
IMPLEMENTOR_VERSION="Microsoft-12574459" 
JAVA_RUNTIME_VERSION="21.0.9+10-LTS" 
JAVA_VERSION="21.0.9" 
JAVA_VERSION_DATE="2025-10-21" 
LIBC="default" 
MODULES="java.base java.compiler java.datatransfer java.xml java.prefs java.desktop java.instrument java.logging java.management java.security.sasl java.naming java.rmi java.management.rmi java.net.http java.scripting java.security.jgss java.transaction.xa java.sql java.sql.rowset java.xml.crypto java.se java.smartcardio jdk.accessibility jdk.internal.jvmstat jdk.attach jdk.charsets jdk.internal.opt jdk.zipfs jdk.compiler jdk.crypto.ec jdk.crypto.cryptoki jdk.crypto.mscapi jdk.dynalink jdk.internal.ed jdk.editpad jdk.hotspot.agent jdk.httpserver jdk.incubator.vector jdk.internal.le jdk.internal.vm.ci jdk.internal.vm.compiler jdk.internal.vm.compiler.management jdk.jartool jdk.javadoc jdk.jcmd jdk.management jdk.management.agent jdk.jconsole jdk.jdeps jdk.jdwp.agent jdk.jdi jdk.jfr jdk.jlink jdk.jpackage jdk.jshell jdk.jsobject jdk.jstatd jdk.localedata jdk.management.jfr jdk.naming.dns jdk.naming.rmi jdk.net jdk.nio.mapmode jdk.random jdk.sctp jdk.security.auth jdk.security.jgss jdk.unsupported jdk.unsupported.desktop jdk.xml.dom" 
OS_ARCH="x86_64" 
OS_NAME="Windows" 
SOURCE=".:git:e0bc49609000" 

Environment Variables:
PATH=C:\Program Files (x86)\VMware\VMware Workstation\bin\;C:\Program Files\Common Files\Oracle\Java\javapath;C:\Windows\system32;C:\Windows;C:\Windows\System32\Wbem;C:\Windows\System32\WindowsPowerShell\v1.0\;C:\Windows\System32\OpenSSH\;C:\Program Files (x86)\NVIDIA Corporation\PhysX\Common;C:\Program Files\NVIDIA Corporation\NVIDIA NvDLISR;C:\Program Files (x86)\Microsoft SQL Server\160\Tools\Binn\;C:\Program Files\Microsoft SQL Server\160\Tools\Binn\;C:\Program Files\Microsoft SQL Server\Client SDK\ODBC\170\Tools\Binn\;C:\Program Files\Microsoft SQL Server\160\DTS\Binn\;C:\Program Files (x86)\Microsoft SQL Server\160\DTS\Binn\;E:\DevXampp\php;E:\Devxamp\php;C:\DevXamppp\php;C:\composer;C:\Program Files\Git\cmd;C:\Program Files\nodejs\;C:\WINDOWS\system32;C:\WINDOWS;C:\WINDOWS\System32\Wbem;C:\WINDOWS\System32\WindowsPowerShell\v1.0\;C:\WINDOWS\System32\OpenSSH\;C:\Program Files\dotnet\;C:\Users\admn\AppData\Local\Microsoft\WindowsApps;C:\Users\admn\AppData\Local\Programs\Microsoft VS Code\bin;C:\Users\admn\AppData\Roaming\Composer\vendor\bin;C:\Users\admn\AppData\Roaming\npm;C:\Users\admn\.dotnet\tools
USERNAME=admn
OS=Windows_NT
PROCESSOR_IDENTIFIER=Intel64 Family 6 Model 154 Stepping 3, GenuineIntel
TMP=C:\Users\admn\AppData\Local\Temp
TEMP=C:\Users\admn\AppData\Local\Temp




Periodic native trim disabled

---------------  S Y S T E M  ---------------

OS:
 Windows 11 , 64 bit Build 26100 (10.0.26100.7309)
OS uptime: 6 days 7:15 hours

CPU: total 16 (initial active 16) (8 cores per cpu, 2 threads per core) family 6 model 154 stepping 3 microcode 0x421, cx8, cmov, fxsr, ht, mmx, 3dnowpref, sse, sse2, sse3, ssse3, sse4.1, sse4.2, popcnt, lzcnt, tsc, tscinvbit, avx, avx2, aes, erms, clmul, bmi1, bmi2, adx, sha, fma, vzeroupper, clflush, clflushopt, clwb, serialize, rdtscp, rdpid, fsrm, f16c, pku, cet_ibt, cet_ss
Processor Information for processor 0
  Max Mhz: 2500, Current Mhz: 2500, Mhz Limit: 2500
Processor Information for processor 1
  Max Mhz: 2500, Current Mhz: 2500, Mhz Limit: 2500
Processor Information for processor 2
  Max Mhz: 2500, Current Mhz: 2500, Mhz Limit: 2500
Processor Information for processor 3
  Max Mhz: 2500, Current Mhz: 2500, Mhz Limit: 2500
Processor Information for processor 4
  Max Mhz: 2500, Current Mhz: 2500, Mhz Limit: 2500
Processor Information for processor 5
  Max Mhz: 2500, Current Mhz: 2500, Mhz Limit: 2500
Processor Information for processor 6
  Max Mhz: 2500, Current Mhz: 2500, Mhz Limit: 2500
Processor Information for processor 7
  Max Mhz: 2500, Current Mhz: 2500, Mhz Limit: 2500
Processor Information for processor 8
  Max Mhz: 2500, Current Mhz: 1800, Mhz Limit: 1800
Processor Information for processor 9
  Max Mhz: 2500, Current Mhz: 1800, Mhz Limit: 1800
Processor Information for processor 10
  Max Mhz: 2500, Current Mhz: 1500, Mhz Limit: 1800
Processor Information for processor 11
  Max Mhz: 2500, Current Mhz: 1800, Mhz Limit: 1800
Processor Information for processor 12
  Max Mhz: 2500, Current Mhz: 1500, Mhz Limit: 1800
Processor Information for processor 13
  Max Mhz: 2500, Current Mhz: 1500, Mhz Limit: 1800
Processor Information for processor 14
  Max Mhz: 2500, Current Mhz: 1800, Mhz Limit: 1800
Processor Information for processor 15
  Max Mhz: 2500, Current Mhz: 1800, Mhz Limit: 1800

Memory: 4k page, system-wide physical 16088M (2920M free)
TotalPageFile size 20184M (AvailPageFile size 11M)
current process WorkingSet (physical memory assigned to process): 156M, peak: 157M
current process commit charge ("private bytes"): 425M, peak: 428M

vm_info: OpenJDK 64-Bit Server VM (21.0.9+10-LTS) for windows-amd64 JRE (21.0.9+10-LTS), built on 2025-10-13T22:04:36Z by "MicrosoftCorporation" with unknown MS VC++:1944

END.
