#
# There is insufficient memory for the Java Runtime Environment to continue.
# Native memory allocation (malloc) failed to allocate 1252960 bytes. Error detail: Chunk::new
# Possible reasons:
#   The system is out of physical RAM or swap space
#   This process is running with CompressedOops enabled, and the Java Heap may be blocking the growth of the native heap
# Possible solutions:
#   Reduce memory load on the system
#   Increase physical memory or swap space
#   Check if swap backing store is full
#   Decrease Java heap size (-Xmx/-Xms)
#   Decrease number of Java threads
#   Decrease Java thread stack sizes (-Xss)
#   Set larger code cache with -XX:ReservedCodeCacheSize=
#   JVM is running with Zero Based Compressed Oops mode in which the Java heap is
#     placed in the first 32GB address space. The Java Heap base address is the
#     maximum limit for the native heap growth. Please use -XX:HeapBaseMinAddress
#     to set the Java Heap base and to place the Java Heap above 32GB virtual address.
# This output file may be truncated or incomplete.
#
#  Out of Memory Error (arena.cpp:168), pid=22272, tid=17844
#
# JRE version: OpenJDK Runtime Environment Microsoft-12574459 (21.0.9+10) (build 21.0.9+10-LTS)
# Java VM: OpenJDK 64-Bit Server VM Microsoft-12574459 (21.0.9+10-LTS, mixed mode, sharing, tiered, compressed oops, compressed class ptrs, g1 gc, windows-amd64)
# No core dump will be written. Minidumps are not enabled by default on client versions of Windows
#

---------------  S U M M A R Y ------------

Command Line: -javaagent:C:\Users\admn\IntelliJ IDEA 2025.2.3\lib\idea_rt.jar=63728 -Dfile.encoding=UTF-8 -Dsun.stdout.encoding=UTF-8 -Dsun.stderr.encoding=UTF-8 com.pdp.restaurant.Application

Host: 12th Gen Intel(R) Core(TM) i5-12500H, 16 cores, 15G,  Windows 11 , 64 bit Build 26100 (10.0.26100.7309)
Time: Fri Dec 26 23:03:55 2025 SE Asia Standard Time elapsed time: 2.910993 seconds (0d 0h 0m 2s)

---------------  T H R E A D  ---------------

Current thread (0x000001cf26dbe780):  JavaThread "C2 CompilerThread0" daemon [_thread_in_native, id=17844, stack(0x000000cad4c00000,0x000000cad4d00000) (1024K)]


Current CompileTask:
C2:2911 2246   !   4       java.net.URL::<init> (543 bytes)

Stack: [0x000000cad4c00000,0x000000cad4d00000]
Native frames: (J=compiled Java code, j=interpreted, Vv=VM code, C=native code)
V  [jvm.dll+0x6df259]  (no source info available)
V  [jvm.dll+0x8bfe4b]  (no source info available)
V  [jvm.dll+0x8c23da]  (no source info available)
V  [jvm.dll+0x8c2ab3]  (no source info available)
V  [jvm.dll+0x28a416]  (no source info available)
V  [jvm.dll+0xc903d]  (no source info available)
V  [jvm.dll+0xc958c]  (no source info available)
V  [jvm.dll+0x3c7cfc]  (no source info available)
V  [jvm.dll+0x394452]  (no source info available)
V  [jvm.dll+0x3938aa]  (no source info available)
V  [jvm.dll+0x2520a0]  (no source info available)
V  [jvm.dll+0x2516c3]  (no source info available)
V  [jvm.dll+0x1d18cf]  (no source info available)
V  [jvm.dll+0x26138a]  (no source info available)
V  [jvm.dll+0x25f6f5]  (no source info available)
V  [jvm.dll+0x401aad]  (no source info available)
V  [jvm.dll+0x869f7d]  (no source info available)
V  [jvm.dll+0x6e080d]  (no source info available)
C  [ucrtbase.dll+0x37b0]  (no source info available)
C  [KERNEL32.DLL+0x2e8d7]  (no source info available)
C  [ntdll.dll+0x8c53c]  (no source info available)


---------------  P R O C E S S  ---------------

Threads class SMR info:
_java_thread_list=0x000001cf6dc44e60, length=19, elements={
0x000001cf05d45d70, 0x000001cf26db1830, 0x000001cf26db4390, 0x000001cf26db71f0,
0x000001cf26db7c40, 0x000001cf26db87c0, 0x000001cf26dbd7a0, 0x000001cf26dbe780,
0x000001cf279785b0, 0x000001cf27ab7700, 0x000001cf27b62a70, 0x000001cf27b7d2d0,
0x000001cf27b7bf40, 0x000001cf27cc6f70, 0x000001cf27d6e2e0, 0x000001cf6d0b8b00,
0x000001cf6d7ec130, 0x000001cf6d732d10, 0x000001cf6db57210
}

Java Threads: ( => current thread )
  0x000001cf05d45d70 JavaThread "main"                              [_thread_blocked, id=21468, stack(0x000000cad3e00000,0x000000cad3f00000) (1024K)]
  0x000001cf26db1830 JavaThread "Reference Handler"          daemon [_thread_blocked, id=12068, stack(0x000000cad4600000,0x000000cad4700000) (1024K)]
  0x000001cf26db4390 JavaThread "Finalizer"                  daemon [_thread_blocked, id=10044, stack(0x000000cad4700000,0x000000cad4800000) (1024K)]
  0x000001cf26db71f0 JavaThread "Signal Dispatcher"          daemon [_thread_blocked, id=18684, stack(0x000000cad4800000,0x000000cad4900000) (1024K)]
  0x000001cf26db7c40 JavaThread "Attach Listener"            daemon [_thread_blocked, id=22396, stack(0x000000cad4900000,0x000000cad4a00000) (1024K)]
  0x000001cf26db87c0 JavaThread "Service Thread"             daemon [_thread_blocked, id=1592, stack(0x000000cad4a00000,0x000000cad4b00000) (1024K)]
  0x000001cf26dbd7a0 JavaThread "Monitor Deflation Thread"   daemon [_thread_blocked, id=16972, stack(0x000000cad4b00000,0x000000cad4c00000) (1024K)]
=>0x000001cf26dbe780 JavaThread "C2 CompilerThread0"         daemon [_thread_in_native, id=17844, stack(0x000000cad4c00000,0x000000cad4d00000) (1024K)]
  0x000001cf279785b0 JavaThread "C1 CompilerThread0"         daemon [_thread_in_native, id=19436, stack(0x000000cad4d00000,0x000000cad4e00000) (1024K)]
  0x000001cf27ab7700 JavaThread "C1 CompilerThread1"         daemon [_thread_in_native, id=17124, stack(0x000000cad4e00000,0x000000cad4f00000) (1024K)]
  0x000001cf27b62a70 JavaThread "Common-Cleaner"             daemon [_thread_blocked, id=12892, stack(0x000000cad5000000,0x000000cad5100000) (1024K)]
  0x000001cf27b7d2d0 JavaThread "C2 CompilerThread1"         daemon [_thread_in_native, id=21040, stack(0x000000cad5100000,0x000000cad5200000) (1024K)]
  0x000001cf27b7bf40 JavaThread "C2 CompilerThread2"         daemon [_thread_in_native, id=19612, stack(0x000000cad5200000,0x000000cad5300000) (1024K)]
  0x000001cf27cc6f70 JavaThread "C2 CompilerThread3"         daemon [_thread_in_native, id=17496, stack(0x000000cad5300000,0x000000cad5400000) (1024K)]
  0x000001cf27d6e2e0 JavaThread "Monitor Ctrl-Break"         daemon [_thread_in_native, id=15592, stack(0x000000cad5400000,0x000000cad5500000) (1024K)]
  0x000001cf6d0b8b00 JavaThread "Notification Thread"        daemon [_thread_blocked, id=7464, stack(0x000000cad5500000,0x000000cad5600000) (1024K)]
  0x000001cf6d7ec130 JavaThread "Thread-0"                          [_thread_blocked, id=15004, stack(0x000000cad5b00000,0x000000cad5c00000) (1024K)]
  0x000001cf6d732d10 JavaThread "restartedMain"                     [_thread_in_vm, id=22808, stack(0x000000cad5c00000,0x000000cad5d00000) (1024K)]
  0x000001cf6db57210 JavaThread "background-preinit"                [_thread_in_vm, id=18420, stack(0x000000cad5d00000,0x000000cad5e00000) (1024K)]
Total: 19

Other Threads:
  0x000001cf26d96990 VMThread "VM Thread"                           [id=15352, stack(0x000000cad4500000,0x000000cad4600000) (1024K)]
  0x000001cf26d82120 WatcherThread "VM Periodic Task Thread"        [id=17876, stack(0x000000cad4400000,0x000000cad4500000) (1024K)]
  0x000001cf05dafb30 WorkerThread "GC Thread#0"                     [id=14760, stack(0x000000cad3f00000,0x000000cad4000000) (1024K)]
  0x000001cf6d3d6ab0 WorkerThread "GC Thread#1"                     [id=13172, stack(0x000000cad5600000,0x000000cad5700000) (1024K)]
  0x000001cf6d3d5fd0 WorkerThread "GC Thread#2"                     [id=19508, stack(0x000000cad5700000,0x000000cad5800000) (1024K)]
  0x000001cf6d3d71f0 WorkerThread "GC Thread#3"                     [id=16816, stack(0x000000cad5800000,0x000000cad5900000) (1024K)]
  0x000001cf6d3d7590 WorkerThread "GC Thread#4"                     [id=16504, stack(0x000000cad5900000,0x000000cad5a00000) (1024K)]
  0x000001cf6d3d6710 WorkerThread "GC Thread#5"                     [id=20872, stack(0x000000cad5a00000,0x000000cad5b00000) (1024K)]
  0x000001cf6d3d7930 WorkerThread "GC Thread#6"                     [id=14456, stack(0x000000cad5e00000,0x000000cad5f00000) (1024K)]
  0x000001cf6dae3440 WorkerThread "GC Thread#7"                     [id=20036, stack(0x000000cad5f00000,0x000000cad6000000) (1024K)]
  0x000001cf6dae3f20 WorkerThread "GC Thread#8"                     [id=5756, stack(0x000000cad6000000,0x000000cad6100000) (1024K)]
  0x000001cf05dc05a0 ConcurrentGCThread "G1 Main Marker"            [id=21868, stack(0x000000cad4000000,0x000000cad4100000) (1024K)]
  0x000001cf05dc1e30 WorkerThread "G1 Conc#0"                       [id=1808, stack(0x000000cad4100000,0x000000cad4200000) (1024K)]
  0x000001cf05dfe4e0 ConcurrentGCThread "G1 Refine#0"               [id=14128, stack(0x000000cad4200000,0x000000cad4300000) (1024K)]
  0x000001cf26c4b050 ConcurrentGCThread "G1 Service"                [id=6048, stack(0x000000cad4300000,0x000000cad4400000) (1024K)]
Total: 15

Threads with active compile tasks:
C2 CompilerThread0  2921 2246   !   4       java.net.URL::<init> (543 bytes)
C1 CompilerThread0  2922 2384       3       sun.reflect.annotation.AnnotationType::getInstance (65 bytes)
C1 CompilerThread1  2922 2377       3       java.lang.invoke.DirectMethodHandle$Holder::newInvokeSpecial (24 bytes)
C2 CompilerThread1  2922 2245       4       java.lang.invoke.MethodType::makeImpl (109 bytes)
C2 CompilerThread2  2922 2288       4       java.lang.invoke.MethodType::methodType (69 bytes)
C2 CompilerThread3  2922 2381       4       org.springframework.asm.ClassReader::readUnsignedShort (26 bytes)
Total: 6

VM state: not at safepoint (normal execution)

VM Mutex/Monitor currently owned by a thread: None

Heap address: 0x0000000704800000, size: 4024 MB, Compressed Oops mode: Zero based, Oop shift amount: 3

CDS archive(s) mapped at: [0x000001cf28000000-0x000001cf28c80000-0x000001cf28c80000), size 13107200, SharedBaseAddress: 0x000001cf28000000, ArchiveRelocationMode: 1.
Compressed class space mapped at: 0x000001cf29000000-0x000001cf69000000, reserved size: 1073741824
Narrow klass base: 0x000001cf28000000, Narrow klass shift: 0, Narrow klass range: 0x100000000

GC Precious Log:
 CardTable entry size: 512
 Card Set container configuration: InlinePtr #cards 4 size 8 Array Of Cards #cards 16 size 48 Howl #buckets 8 coarsen threshold 3686 Howl Bitmap #cards 512 size 80 coarsen threshold 460 Card regions per heap region 1 cards per card region 4096
 CPUs: 16 total, 16 available
 Memory: 16088M
 Large Page Support: Disabled
 NUMA Support: Disabled
 Compressed Oops: Enabled (Zero based)
 Heap Region Size: 2M
 Heap Min Capacity: 8M
 Heap Initial Capacity: 252M
 Heap Max Capacity: 4024M
 Pre-touch: Disabled
 Parallel Workers: 13
 Concurrent Workers: 3
 Concurrent Refinement Workers: 13
 Periodic GC: Disabled

Heap:
 garbage-first heap   total 258048K, used 26411K [0x0000000704800000, 0x0000000800000000)
  region size 2048K, 12 young (24576K), 2 survivors (4096K)
 Metaspace       used 16214K, committed 16448K, reserved 1114112K
  class space    used 2120K, committed 2240K, reserved 1048576K

Heap Regions: E=young(eden), S=young(survivor), O=old, HS=humongous(starts), HC=humongous(continues), CS=collection set, F=free, TAMS=top-at-mark-start, PB=parsable bottom
|   0|0x0000000704800000, 0x0000000704a00000, 0x0000000704a00000|100%| O|  |TAMS 0x0000000704800000| PB 0x0000000704800000| Untracked 
|   1|0x0000000704a00000, 0x0000000704c00000, 0x0000000704c00000|100%| O|  |TAMS 0x0000000704a00000| PB 0x0000000704a00000| Untracked 
|   2|0x0000000704c00000, 0x0000000704e00000, 0x0000000704e00000|100%| O|  |TAMS 0x0000000704c00000| PB 0x0000000704c00000| Untracked 
|   3|0x0000000704e00000, 0x0000000704fa3870, 0x0000000705000000| 81%| O|  |TAMS 0x0000000704e00000| PB 0x0000000704e00000| Untracked 
|   4|0x0000000705000000, 0x0000000705000000, 0x0000000705200000|  0%| F|  |TAMS 0x0000000705000000| PB 0x0000000705000000| Untracked 
|   5|0x0000000705200000, 0x0000000705200000, 0x0000000705400000|  0%| F|  |TAMS 0x0000000705200000| PB 0x0000000705200000| Untracked 
|   6|0x0000000705400000, 0x0000000705400000, 0x0000000705600000|  0%| F|  |TAMS 0x0000000705400000| PB 0x0000000705400000| Untracked 
|   7|0x0000000705600000, 0x0000000705600000, 0x0000000705800000|  0%| F|  |TAMS 0x0000000705600000| PB 0x0000000705600000| Untracked 
|   8|0x0000000705800000, 0x0000000705800000, 0x0000000705a00000|  0%| F|  |TAMS 0x0000000705800000| PB 0x0000000705800000| Untracked 
|   9|0x0000000705a00000, 0x0000000705a00000, 0x0000000705c00000|  0%| F|  |TAMS 0x0000000705a00000| PB 0x0000000705a00000| Untracked 
|  10|0x0000000705c00000, 0x0000000705c00000, 0x0000000705e00000|  0%| F|  |TAMS 0x0000000705c00000| PB 0x0000000705c00000| Untracked 
|  11|0x0000000705e00000, 0x0000000705e00000, 0x0000000706000000|  0%| F|  |TAMS 0x0000000705e00000| PB 0x0000000705e00000| Untracked 
|  12|0x0000000706000000, 0x0000000706000000, 0x0000000706200000|  0%| F|  |TAMS 0x0000000706000000| PB 0x0000000706000000| Untracked 
|  13|0x0000000706200000, 0x0000000706200000, 0x0000000706400000|  0%| F|  |TAMS 0x0000000706200000| PB 0x0000000706200000| Untracked 
|  14|0x0000000706400000, 0x0000000706400000, 0x0000000706600000|  0%| F|  |TAMS 0x0000000706400000| PB 0x0000000706400000| Untracked 
|  15|0x0000000706600000, 0x0000000706600000, 0x0000000706800000|  0%| F|  |TAMS 0x0000000706600000| PB 0x0000000706600000| Untracked 
|  16|0x0000000706800000, 0x0000000706800000, 0x0000000706a00000|  0%| F|  |TAMS 0x0000000706800000| PB 0x0000000706800000| Untracked 
|  17|0x0000000706a00000, 0x0000000706a00000, 0x0000000706c00000|  0%| F|  |TAMS 0x0000000706a00000| PB 0x0000000706a00000| Untracked 
|  18|0x0000000706c00000, 0x0000000706c00000, 0x0000000706e00000|  0%| F|  |TAMS 0x0000000706c00000| PB 0x0000000706c00000| Untracked 
|  19|0x0000000706e00000, 0x0000000706e00000, 0x0000000707000000|  0%| F|  |TAMS 0x0000000706e00000| PB 0x0000000706e00000| Untracked 
|  20|0x0000000707000000, 0x0000000707000000, 0x0000000707200000|  0%| F|  |TAMS 0x0000000707000000| PB 0x0000000707000000| Untracked 
|  21|0x0000000707200000, 0x0000000707200000, 0x0000000707400000|  0%| F|  |TAMS 0x0000000707200000| PB 0x0000000707200000| Untracked 
|  22|0x0000000707400000, 0x0000000707400000, 0x0000000707600000|  0%| F|  |TAMS 0x0000000707400000| PB 0x0000000707400000| Untracked 
|  23|0x0000000707600000, 0x0000000707600000, 0x0000000707800000|  0%| F|  |TAMS 0x0000000707600000| PB 0x0000000707600000| Untracked 
|  24|0x0000000707800000, 0x0000000707800000, 0x0000000707a00000|  0%| F|  |TAMS 0x0000000707800000| PB 0x0000000707800000| Untracked 
|  25|0x0000000707a00000, 0x0000000707a00000, 0x0000000707c00000|  0%| F|  |TAMS 0x0000000707a00000| PB 0x0000000707a00000| Untracked 
|  26|0x0000000707c00000, 0x0000000707c00000, 0x0000000707e00000|  0%| F|  |TAMS 0x0000000707c00000| PB 0x0000000707c00000| Untracked 
|  27|0x0000000707e00000, 0x0000000707e00000, 0x0000000708000000|  0%| F|  |TAMS 0x0000000707e00000| PB 0x0000000707e00000| Untracked 
|  28|0x0000000708000000, 0x0000000708000000, 0x0000000708200000|  0%| F|  |TAMS 0x0000000708000000| PB 0x0000000708000000| Untracked 
|  29|0x0000000708200000, 0x0000000708200000, 0x0000000708400000|  0%| F|  |TAMS 0x0000000708200000| PB 0x0000000708200000| Untracked 
|  30|0x0000000708400000, 0x0000000708400000, 0x0000000708600000|  0%| F|  |TAMS 0x0000000708400000| PB 0x0000000708400000| Untracked 
|  31|0x0000000708600000, 0x0000000708600000, 0x0000000708800000|  0%| F|  |TAMS 0x0000000708600000| PB 0x0000000708600000| Untracked 
|  32|0x0000000708800000, 0x0000000708800000, 0x0000000708a00000|  0%| F|  |TAMS 0x0000000708800000| PB 0x0000000708800000| Untracked 
|  33|0x0000000708a00000, 0x0000000708a00000, 0x0000000708c00000|  0%| F|  |TAMS 0x0000000708a00000| PB 0x0000000708a00000| Untracked 
|  34|0x0000000708c00000, 0x0000000708c00000, 0x0000000708e00000|  0%| F|  |TAMS 0x0000000708c00000| PB 0x0000000708c00000| Untracked 
|  35|0x0000000708e00000, 0x0000000708e00000, 0x0000000709000000|  0%| F|  |TAMS 0x0000000708e00000| PB 0x0000000708e00000| Untracked 
|  36|0x0000000709000000, 0x0000000709000000, 0x0000000709200000|  0%| F|  |TAMS 0x0000000709000000| PB 0x0000000709000000| Untracked 
|  37|0x0000000709200000, 0x0000000709200000, 0x0000000709400000|  0%| F|  |TAMS 0x0000000709200000| PB 0x0000000709200000| Untracked 
|  38|0x0000000709400000, 0x0000000709400000, 0x0000000709600000|  0%| F|  |TAMS 0x0000000709400000| PB 0x0000000709400000| Untracked 
|  39|0x0000000709600000, 0x0000000709600000, 0x0000000709800000|  0%| F|  |TAMS 0x0000000709600000| PB 0x0000000709600000| Untracked 
|  40|0x0000000709800000, 0x0000000709800000, 0x0000000709a00000|  0%| F|  |TAMS 0x0000000709800000| PB 0x0000000709800000| Untracked 
|  41|0x0000000709a00000, 0x0000000709a00000, 0x0000000709c00000|  0%| F|  |TAMS 0x0000000709a00000| PB 0x0000000709a00000| Untracked 
|  42|0x0000000709c00000, 0x0000000709c00000, 0x0000000709e00000|  0%| F|  |TAMS 0x0000000709c00000| PB 0x0000000709c00000| Untracked 
|  43|0x0000000709e00000, 0x0000000709e00000, 0x000000070a000000|  0%| F|  |TAMS 0x0000000709e00000| PB 0x0000000709e00000| Untracked 
|  44|0x000000070a000000, 0x000000070a000000, 0x000000070a200000|  0%| F|  |TAMS 0x000000070a000000| PB 0x000000070a000000| Untracked 
|  45|0x000000070a200000, 0x000000070a200000, 0x000000070a400000|  0%| F|  |TAMS 0x000000070a200000| PB 0x000000070a200000| Untracked 
|  46|0x000000070a400000, 0x000000070a400000, 0x000000070a600000|  0%| F|  |TAMS 0x000000070a400000| PB 0x000000070a400000| Untracked 
|  47|0x000000070a600000, 0x000000070a600000, 0x000000070a800000|  0%| F|  |TAMS 0x000000070a600000| PB 0x000000070a600000| Untracked 
|  48|0x000000070a800000, 0x000000070a800000, 0x000000070aa00000|  0%| F|  |TAMS 0x000000070a800000| PB 0x000000070a800000| Untracked 
|  49|0x000000070aa00000, 0x000000070aa00000, 0x000000070ac00000|  0%| F|  |TAMS 0x000000070aa00000| PB 0x000000070aa00000| Untracked 
|  50|0x000000070ac00000, 0x000000070ac00000, 0x000000070ae00000|  0%| F|  |TAMS 0x000000070ac00000| PB 0x000000070ac00000| Untracked 
|  51|0x000000070ae00000, 0x000000070ae00000, 0x000000070b000000|  0%| F|  |TAMS 0x000000070ae00000| PB 0x000000070ae00000| Untracked 
|  52|0x000000070b000000, 0x000000070b000000, 0x000000070b200000|  0%| F|  |TAMS 0x000000070b000000| PB 0x000000070b000000| Untracked 
|  53|0x000000070b200000, 0x000000070b200000, 0x000000070b400000|  0%| F|  |TAMS 0x000000070b200000| PB 0x000000070b200000| Untracked 
|  54|0x000000070b400000, 0x000000070b400000, 0x000000070b600000|  0%| F|  |TAMS 0x000000070b400000| PB 0x000000070b400000| Untracked 
|  55|0x000000070b600000, 0x000000070b600000, 0x000000070b800000|  0%| F|  |TAMS 0x000000070b600000| PB 0x000000070b600000| Untracked 
|  56|0x000000070b800000, 0x000000070b800000, 0x000000070ba00000|  0%| F|  |TAMS 0x000000070b800000| PB 0x000000070b800000| Untracked 
|  57|0x000000070ba00000, 0x000000070ba00000, 0x000000070bc00000|  0%| F|  |TAMS 0x000000070ba00000| PB 0x000000070ba00000| Untracked 
|  58|0x000000070bc00000, 0x000000070bc00000, 0x000000070be00000|  0%| F|  |TAMS 0x000000070bc00000| PB 0x000000070bc00000| Untracked 
|  59|0x000000070be00000, 0x000000070be00000, 0x000000070c000000|  0%| F|  |TAMS 0x000000070be00000| PB 0x000000070be00000| Untracked 
|  60|0x000000070c000000, 0x000000070c000000, 0x000000070c200000|  0%| F|  |TAMS 0x000000070c000000| PB 0x000000070c000000| Untracked 
|  61|0x000000070c200000, 0x000000070c200000, 0x000000070c400000|  0%| F|  |TAMS 0x000000070c200000| PB 0x000000070c200000| Untracked 
|  62|0x000000070c400000, 0x000000070c400000, 0x000000070c600000|  0%| F|  |TAMS 0x000000070c400000| PB 0x000000070c400000| Untracked 
|  63|0x000000070c600000, 0x000000070c600000, 0x000000070c800000|  0%| F|  |TAMS 0x000000070c600000| PB 0x000000070c600000| Untracked 
|  64|0x000000070c800000, 0x000000070c800000, 0x000000070ca00000|  0%| F|  |TAMS 0x000000070c800000| PB 0x000000070c800000| Untracked 
|  65|0x000000070ca00000, 0x000000070ca00000, 0x000000070cc00000|  0%| F|  |TAMS 0x000000070ca00000| PB 0x000000070ca00000| Untracked 
|  66|0x000000070cc00000, 0x000000070cc00000, 0x000000070ce00000|  0%| F|  |TAMS 0x000000070cc00000| PB 0x000000070cc00000| Untracked 
|  67|0x000000070ce00000, 0x000000070ce00000, 0x000000070d000000|  0%| F|  |TAMS 0x000000070ce00000| PB 0x000000070ce00000| Untracked 
|  68|0x000000070d000000, 0x000000070d000000, 0x000000070d200000|  0%| F|  |TAMS 0x000000070d000000| PB 0x000000070d000000| Untracked 
|  69|0x000000070d200000, 0x000000070d200000, 0x000000070d400000|  0%| F|  |TAMS 0x000000070d200000| PB 0x000000070d200000| Untracked 
|  70|0x000000070d400000, 0x000000070d400000, 0x000000070d600000|  0%| F|  |TAMS 0x000000070d400000| PB 0x000000070d400000| Untracked 
|  71|0x000000070d600000, 0x000000070d600000, 0x000000070d800000|  0%| F|  |TAMS 0x000000070d600000| PB 0x000000070d600000| Untracked 
|  72|0x000000070d800000, 0x000000070d800000, 0x000000070da00000|  0%| F|  |TAMS 0x000000070d800000| PB 0x000000070d800000| Untracked 
|  73|0x000000070da00000, 0x000000070da00000, 0x000000070dc00000|  0%| F|  |TAMS 0x000000070da00000| PB 0x000000070da00000| Untracked 
|  74|0x000000070dc00000, 0x000000070dc00000, 0x000000070de00000|  0%| F|  |TAMS 0x000000070dc00000| PB 0x000000070dc00000| Untracked 
|  75|0x000000070de00000, 0x000000070de00000, 0x000000070e000000|  0%| F|  |TAMS 0x000000070de00000| PB 0x000000070de00000| Untracked 
|  76|0x000000070e000000, 0x000000070e000000, 0x000000070e200000|  0%| F|  |TAMS 0x000000070e000000| PB 0x000000070e000000| Untracked 
|  77|0x000000070e200000, 0x000000070e200000, 0x000000070e400000|  0%| F|  |TAMS 0x000000070e200000| PB 0x000000070e200000| Untracked 
|  78|0x000000070e400000, 0x000000070e400000, 0x000000070e600000|  0%| F|  |TAMS 0x000000070e400000| PB 0x000000070e400000| Untracked 
|  79|0x000000070e600000, 0x000000070e600000, 0x000000070e800000|  0%| F|  |TAMS 0x000000070e600000| PB 0x000000070e600000| Untracked 
|  80|0x000000070e800000, 0x000000070e800000, 0x000000070ea00000|  0%| F|  |TAMS 0x000000070e800000| PB 0x000000070e800000| Untracked 
|  81|0x000000070ea00000, 0x000000070ea00000, 0x000000070ec00000|  0%| F|  |TAMS 0x000000070ea00000| PB 0x000000070ea00000| Untracked 
|  82|0x000000070ec00000, 0x000000070ec00000, 0x000000070ee00000|  0%| F|  |TAMS 0x000000070ec00000| PB 0x000000070ec00000| Untracked 
|  83|0x000000070ee00000, 0x000000070ee00000, 0x000000070f000000|  0%| F|  |TAMS 0x000000070ee00000| PB 0x000000070ee00000| Untracked 
|  84|0x000000070f000000, 0x000000070f000000, 0x000000070f200000|  0%| F|  |TAMS 0x000000070f000000| PB 0x000000070f000000| Untracked 
|  85|0x000000070f200000, 0x000000070f200000, 0x000000070f400000|  0%| F|  |TAMS 0x000000070f200000| PB 0x000000070f200000| Untracked 
|  86|0x000000070f400000, 0x000000070f400000, 0x000000070f600000|  0%| F|  |TAMS 0x000000070f400000| PB 0x000000070f400000| Untracked 
|  87|0x000000070f600000, 0x000000070f600000, 0x000000070f800000|  0%| F|  |TAMS 0x000000070f600000| PB 0x000000070f600000| Untracked 
|  88|0x000000070f800000, 0x000000070f800000, 0x000000070fa00000|  0%| F|  |TAMS 0x000000070f800000| PB 0x000000070f800000| Untracked 
|  89|0x000000070fa00000, 0x000000070fa00000, 0x000000070fc00000|  0%| F|  |TAMS 0x000000070fa00000| PB 0x000000070fa00000| Untracked 
|  90|0x000000070fc00000, 0x000000070fc00000, 0x000000070fe00000|  0%| F|  |TAMS 0x000000070fc00000| PB 0x000000070fc00000| Untracked 
|  91|0x000000070fe00000, 0x000000070fe00000, 0x0000000710000000|  0%| F|  |TAMS 0x000000070fe00000| PB 0x000000070fe00000| Untracked 
|  92|0x0000000710000000, 0x0000000710000000, 0x0000000710200000|  0%| F|  |TAMS 0x0000000710000000| PB 0x0000000710000000| Untracked 
|  93|0x0000000710200000, 0x0000000710200000, 0x0000000710400000|  0%| F|  |TAMS 0x0000000710200000| PB 0x0000000710200000| Untracked 
|  94|0x0000000710400000, 0x0000000710400000, 0x0000000710600000|  0%| F|  |TAMS 0x0000000710400000| PB 0x0000000710400000| Untracked 
|  95|0x0000000710600000, 0x0000000710600000, 0x0000000710800000|  0%| F|  |TAMS 0x0000000710600000| PB 0x0000000710600000| Untracked 
|  96|0x0000000710800000, 0x0000000710800000, 0x0000000710a00000|  0%| F|  |TAMS 0x0000000710800000| PB 0x0000000710800000| Untracked 
|  97|0x0000000710a00000, 0x0000000710a00000, 0x0000000710c00000|  0%| F|  |TAMS 0x0000000710a00000| PB 0x0000000710a00000| Untracked 
|  98|0x0000000710c00000, 0x0000000710c00000, 0x0000000710e00000|  0%| F|  |TAMS 0x0000000710c00000| PB 0x0000000710c00000| Untracked 
|  99|0x0000000710e00000, 0x0000000710e00000, 0x0000000711000000|  0%| F|  |TAMS 0x0000000710e00000| PB 0x0000000710e00000| Untracked 
| 100|0x0000000711000000, 0x0000000711000000, 0x0000000711200000|  0%| F|  |TAMS 0x0000000711000000| PB 0x0000000711000000| Untracked 
| 101|0x0000000711200000, 0x0000000711200000, 0x0000000711400000|  0%| F|  |TAMS 0x0000000711200000| PB 0x0000000711200000| Untracked 
| 102|0x0000000711400000, 0x0000000711400000, 0x0000000711600000|  0%| F|  |TAMS 0x0000000711400000| PB 0x0000000711400000| Untracked 
| 103|0x0000000711600000, 0x0000000711600000, 0x0000000711800000|  0%| F|  |TAMS 0x0000000711600000| PB 0x0000000711600000| Untracked 
| 104|0x0000000711800000, 0x0000000711800000, 0x0000000711a00000|  0%| F|  |TAMS 0x0000000711800000| PB 0x0000000711800000| Untracked 
| 105|0x0000000711a00000, 0x0000000711a00000, 0x0000000711c00000|  0%| F|  |TAMS 0x0000000711a00000| PB 0x0000000711a00000| Untracked 
| 106|0x0000000711c00000, 0x0000000711c00000, 0x0000000711e00000|  0%| F|  |TAMS 0x0000000711c00000| PB 0x0000000711c00000| Untracked 
| 107|0x0000000711e00000, 0x0000000711e00000, 0x0000000712000000|  0%| F|  |TAMS 0x0000000711e00000| PB 0x0000000711e00000| Untracked 
| 108|0x0000000712000000, 0x0000000712000000, 0x0000000712200000|  0%| F|  |TAMS 0x0000000712000000| PB 0x0000000712000000| Untracked 
| 109|0x0000000712200000, 0x0000000712227760, 0x0000000712400000|  7%| S|CS|TAMS 0x0000000712200000| PB 0x0000000712200000| Complete 
| 110|0x0000000712400000, 0x0000000712600000, 0x0000000712600000|100%| S|CS|TAMS 0x0000000712400000| PB 0x0000000712400000| Complete 
| 111|0x0000000712600000, 0x0000000712600000, 0x0000000712800000|  0%| F|  |TAMS 0x0000000712600000| PB 0x0000000712600000| Untracked 
| 112|0x0000000712800000, 0x0000000712800000, 0x0000000712a00000|  0%| F|  |TAMS 0x0000000712800000| PB 0x0000000712800000| Untracked 
| 113|0x0000000712a00000, 0x0000000712a00000, 0x0000000712c00000|  0%| F|  |TAMS 0x0000000712a00000| PB 0x0000000712a00000| Untracked 
| 114|0x0000000712c00000, 0x0000000712c00000, 0x0000000712e00000|  0%| F|  |TAMS 0x0000000712c00000| PB 0x0000000712c00000| Untracked 
| 115|0x0000000712e00000, 0x0000000712e00000, 0x0000000713000000|  0%| F|  |TAMS 0x0000000712e00000| PB 0x0000000712e00000| Untracked 
| 116|0x0000000713000000, 0x0000000713134040, 0x0000000713200000| 60%| E|  |TAMS 0x0000000713000000| PB 0x0000000713000000| Complete 
| 117|0x0000000713200000, 0x0000000713400000, 0x0000000713400000|100%| E|  |TAMS 0x0000000713200000| PB 0x0000000713200000| Complete 
| 118|0x0000000713400000, 0x0000000713600000, 0x0000000713600000|100%| E|CS|TAMS 0x0000000713400000| PB 0x0000000713400000| Complete 
| 119|0x0000000713600000, 0x0000000713800000, 0x0000000713800000|100%| E|CS|TAMS 0x0000000713600000| PB 0x0000000713600000| Complete 
| 120|0x0000000713800000, 0x0000000713a00000, 0x0000000713a00000|100%| E|CS|TAMS 0x0000000713800000| PB 0x0000000713800000| Complete 
| 121|0x0000000713a00000, 0x0000000713c00000, 0x0000000713c00000|100%| E|CS|TAMS 0x0000000713a00000| PB 0x0000000713a00000| Complete 
| 122|0x0000000713c00000, 0x0000000713e00000, 0x0000000713e00000|100%| E|CS|TAMS 0x0000000713c00000| PB 0x0000000713c00000| Complete 
| 123|0x0000000713e00000, 0x0000000714000000, 0x0000000714000000|100%| E|CS|TAMS 0x0000000713e00000| PB 0x0000000713e00000| Complete 
| 124|0x0000000714000000, 0x0000000714200000, 0x0000000714200000|100%| E|CS|TAMS 0x0000000714000000| PB 0x0000000714000000| Complete 
| 125|0x0000000714200000, 0x0000000714400000, 0x0000000714400000|100%| E|CS|TAMS 0x0000000714200000| PB 0x0000000714200000| Complete 

Card table byte_map: [0x000001cf20210000,0x000001cf209f0000] _byte_map_base: 0x000001cf1c9ec000

Marking Bits: (CMBitMap*) 0x000001cf05db0140
 Bits: [0x000001cf209f0000, 0x000001cf248d0000)

Polling page: 0x000001cf05aa0000

Metaspace:

Usage:
  Non-class:     13.77 MB used.
      Class:      2.07 MB used.
       Both:     15.84 MB used.

Virtual space:
  Non-class space:       64.00 MB reserved,      13.94 MB ( 22%) committed,  1 nodes.
      Class space:        1.00 GB reserved,       2.19 MB ( <1%) committed,  1 nodes.
             Both:        1.06 GB reserved,      16.12 MB (  1%) committed. 

Chunk freelists:
   Non-Class:  1.55 MB
       Class:  13.81 MB
        Both:  15.36 MB

MaxMetaspaceSize: unlimited
CompressedClassSpaceSize: 1.00 GB
Initial GC threshold: 21.00 MB
Current GC threshold: 21.00 MB
CDS: on
 - commit_granule_bytes: 65536.
 - commit_granule_words: 8192.
 - virtual_space_node_default_size: 8388608.
 - enlarge_chunks_in_place: 1.
 - use_allocation_guard: 0.


Internal statistics:

num_allocs_failed_limit: 0.
num_arena_births: 318.
num_arena_deaths: 0.
num_vsnodes_births: 2.
num_vsnodes_deaths: 0.
num_space_committed: 258.
num_space_uncommitted: 0.
num_chunks_returned_to_freelist: 0.
num_chunks_taken_from_freelist: 891.
num_chunk_merges: 0.
num_chunk_splits: 572.
num_chunks_enlarged: 371.
num_inconsistent_stats: 0.

CodeHeap 'non-profiled nmethods': size=119168Kb used=846Kb max_used=846Kb free=118321Kb
 bounds [0x000001cf17620000, 0x000001cf17890000, 0x000001cf1ea80000]
CodeHeap 'profiled nmethods': size=119104Kb used=4529Kb max_used=4529Kb free=114574Kb
 bounds [0x000001cf0fa80000, 0x000001cf0fef0000, 0x000001cf16ed0000]
CodeHeap 'non-nmethods': size=7488Kb used=1907Kb max_used=2490Kb free=5580Kb
 bounds [0x000001cf16ed0000, 0x000001cf17150000, 0x000001cf17620000]
CodeCache: size=245760Kb, used=7282Kb, max_used=7865Kb, free=238475Kb
 total_blobs=2887, nmethods=2382, adapters=408, full_count=0
Compilation: enabled, stopped_count=0, restarted_count=0

Compilation events (20 events):
Event: 1.900 Thread 0x000001cf27cc6f70 nmethod 2346 0x000001cf176f2590 code [0x000001cf176f2720, 0x000001cf176f27d0]
Event: 1.901 Thread 0x000001cf27ab7700 2349       3       jdk.internal.misc.Unsafe::getIntUnaligned (83 bytes)
Event: 1.901 Thread 0x000001cf27ab7700 nmethod 2349 0x000001cf0fed9510 code [0x000001cf0fed9700, 0x000001cf0fed9b88]
Event: 1.902 Thread 0x000001cf27ab7700 2350       3       jdk.internal.org.objectweb.asm.Frame::addInitializedType (77 bytes)
Event: 1.903 Thread 0x000001cf27ab7700 nmethod 2350 0x000001cf0fed9d10 code [0x000001cf0fed9ee0, 0x000001cf0feda3f8]
Event: 1.903 Thread 0x000001cf27cc6f70 2351       4       org.springframework.core.annotation.AttributeMethods::get (7 bytes)
Event: 1.903 Thread 0x000001cf279785b0 2352       3       java.nio.ByteBuffer::limit (8 bytes)
Event: 1.903 Thread 0x000001cf279785b0 nmethod 2352 0x000001cf0feda590 code [0x000001cf0feda740, 0x000001cf0feda890]
Event: 1.903 Thread 0x000001cf27ab7700 2353       3       java.nio.Buffer::<init> (105 bytes)
Event: 1.903 Thread 0x000001cf27abce00 2354       1       org.springframework.core.annotation.AnnotationTypeMapping::getRoot (5 bytes)
Event: 1.903 Thread 0x000001cf27abce00 nmethod 2354 0x000001cf176f2890 code [0x000001cf176f2a20, 0x000001cf176f2af0]
Event: 1.903 Thread 0x000001cf27cc6f70 nmethod 2351 0x000001cf176f2b90 code [0x000001cf176f2d20, 0x000001cf176f2df8]
Event: 1.903 Thread 0x000001cf27ab7700 nmethod 2353 0x000001cf0feda910 code [0x000001cf0fedabc0, 0x000001cf0fedb6a8]
Event: 1.904 Thread 0x000001cf27ab7700 2355       3       org.springframework.util.ConcurrentReferenceHashMap::computeIfAbsent (32 bytes)
Event: 1.904 Thread 0x000001cf279785b0 2356       3       java.lang.reflect.Proxy::isProxyClass (22 bytes)
Event: 1.904 Thread 0x000001cf27abce00 2357       3       java.lang.reflect.Proxy$ProxyBuilder::isProxyClass (21 bytes)
Event: 1.904 Thread 0x000001cf27abce00 nmethod 2357 0x000001cf0fedba90 code [0x000001cf0fedbd20, 0x000001cf0fedcb00]
Event: 1.904 Thread 0x000001cf279785b0 nmethod 2356 0x000001cf0fedcf90 code [0x000001cf0fedd240, 0x000001cf0fede168]
Event: 1.904 Thread 0x000001cf27abce00 2358       3       java.nio.ByteOrder::nativeOrder (4 bytes)
Event: 1.904 Thread 0x000001cf27abce00 nmethod 2358 0x000001cf0fede690 code [0x000001cf0fede820, 0x000001cf0fede918]

GC Heap History (4 events):
Event: 0.358 GC heap before
{Heap before GC invocations=0 (full 0):
 garbage-first heap   total 258048K, used 20480K [0x0000000704800000, 0x0000000800000000)
  region size 2048K, 11 young (22528K), 0 survivors (0K)
 Metaspace       used 4473K, committed 4608K, reserved 1114112K
  class space    used 506K, committed 576K, reserved 1048576K
}
Event: 0.360 GC heap after
{Heap after GC invocations=1 (full 0):
 garbage-first heap   total 258048K, used 7971K [0x0000000704800000, 0x0000000800000000)
  region size 2048K, 2 young (4096K), 2 survivors (4096K)
 Metaspace       used 4473K, committed 4608K, reserved 1114112K
  class space    used 506K, committed 576K, reserved 1048576K
}
Event: 0.722 GC heap before
{Heap before GC invocations=1 (full 0):
 garbage-first heap   total 258048K, used 34595K [0x0000000704800000, 0x0000000800000000)
  region size 2048K, 15 young (30720K), 2 survivors (4096K)
 Metaspace       used 11396K, committed 11712K, reserved 1114112K
  class space    used 1447K, committed 1600K, reserved 1048576K
}
Event: 0.725 GC heap after
{Heap after GC invocations=2 (full 0):
 garbage-first heap   total 258048K, used 10027K [0x0000000704800000, 0x0000000800000000)
  region size 2048K, 2 young (4096K), 2 survivors (4096K)
 Metaspace       used 11396K, committed 11712K, reserved 1114112K
  class space    used 1447K, committed 1600K, reserved 1048576K
}

Dll operation events (11 events):
Event: 0.005 Loaded shared library C:\Users\admn\.jdks\ms-21.0.9\bin\java.dll
Event: 0.023 Loaded shared library C:\Users\admn\.jdks\ms-21.0.9\bin\jsvml.dll
Event: 0.063 Loaded shared library C:\Users\admn\.jdks\ms-21.0.9\bin\zip.dll
Event: 0.065 Loaded shared library C:\Users\admn\.jdks\ms-21.0.9\bin\instrument.dll
Event: 0.068 Loaded shared library C:\Users\admn\.jdks\ms-21.0.9\bin\net.dll
Event: 0.069 Loaded shared library C:\Users\admn\.jdks\ms-21.0.9\bin\nio.dll
Event: 0.071 Loaded shared library C:\Users\admn\.jdks\ms-21.0.9\bin\zip.dll
Event: 0.127 Loaded shared library C:\Users\admn\.jdks\ms-21.0.9\bin\extnet.dll
Event: 0.154 Loaded shared library C:\Users\admn\.jdks\ms-21.0.9\bin\jimage.dll
Event: 0.340 Loaded shared library C:\Users\admn\.jdks\ms-21.0.9\bin\management.dll
Event: 0.343 Loaded shared library C:\Users\admn\.jdks\ms-21.0.9\bin\management_ext.dll

Deoptimization events (20 events):
Event: 0.830 Thread 0x000001cf6d732d10 Uncommon trap: trap_request=0xffffff45 fr.pc=0x000001cf1765ad54 relative=0x0000000000000494
Event: 0.830 Thread 0x000001cf6d732d10 Uncommon trap: reason=unstable_if action=reinterpret pc=0x000001cf1765ad54 method=java.util.zip.ZipCoder.hash(Ljava/lang/String;)I @ 23 c2
Event: 0.830 Thread 0x000001cf6d732d10 DEOPT PACKING pc=0x000001cf1765ad54 sp=0x000000cad5cfdb60
Event: 0.830 Thread 0x000001cf6d732d10 DEOPT UNPACKING pc=0x000001cf16f24422 sp=0x000000cad5cfda80 mode 2
Event: 0.830 Thread 0x000001cf6d732d10 Uncommon trap: trap_request=0xffffff45 fr.pc=0x000001cf176960ac relative=0x000000000000144c
Event: 0.830 Thread 0x000001cf6d732d10 Uncommon trap: reason=unstable_if action=reinterpret pc=0x000001cf176960ac method=java.util.zip.ZipCoder.hash(Ljava/lang/String;)I @ 23 c2
Event: 0.830 Thread 0x000001cf6d732d10 DEOPT PACKING pc=0x000001cf176960ac sp=0x000000cad5cfdb90
Event: 0.830 Thread 0x000001cf6d732d10 DEOPT UNPACKING pc=0x000001cf16f24422 sp=0x000000cad5cfd9f8 mode 2
Event: 0.830 Thread 0x000001cf6d732d10 Uncommon trap: trap_request=0xffffff45 fr.pc=0x000001cf1764f65c relative=0x000000000000019c
Event: 0.830 Thread 0x000001cf6d732d10 Uncommon trap: reason=unstable_if action=reinterpret pc=0x000001cf1764f65c method=java.util.zip.ZipCoder.hash(Ljava/lang/String;)I @ 23 c2
Event: 0.830 Thread 0x000001cf6d732d10 DEOPT PACKING pc=0x000001cf1764f65c sp=0x000000cad5cfdb00
Event: 0.830 Thread 0x000001cf6d732d10 DEOPT UNPACKING pc=0x000001cf16f24422 sp=0x000000cad5cfda88 mode 2
Event: 0.832 Thread 0x000001cf6d732d10 Uncommon trap: trap_request=0xffffff45 fr.pc=0x000001cf1763cbec relative=0x000000000000004c
Event: 0.832 Thread 0x000001cf6d732d10 Uncommon trap: reason=unstable_if action=reinterpret pc=0x000001cf1763cbec method=sun.nio.fs.WindowsPathParser.isSlash(C)Z @ 9 c2
Event: 0.832 Thread 0x000001cf6d732d10 DEOPT PACKING pc=0x000001cf1763cbec sp=0x000000cad5cfdd90
Event: 0.832 Thread 0x000001cf6d732d10 DEOPT UNPACKING pc=0x000001cf16f24422 sp=0x000000cad5cfdd18 mode 2
Event: 1.903 Thread 0x000001cf6d732d10 Uncommon trap: trap_request=0xffffff45 fr.pc=0x000001cf176bd590 relative=0x00000000000000f0
Event: 1.903 Thread 0x000001cf6d732d10 Uncommon trap: reason=unstable_if action=reinterpret pc=0x000001cf176bd590 method=java.util.Arrays.equals([Ljava/lang/Object;[Ljava/lang/Object;)Z @ 44 c2
Event: 1.903 Thread 0x000001cf6d732d10 DEOPT PACKING pc=0x000001cf176bd590 sp=0x000000cad5cfd190
Event: 1.903 Thread 0x000001cf6d732d10 DEOPT UNPACKING pc=0x000001cf16f24422 sp=0x000000cad5cfd130 mode 2

Classes loaded (20 events):
Event: 1.857 Loading class java/nio/channels/Channels
Event: 1.857 Loading class java/nio/channels/Channels done
Event: 1.857 Loading class sun/nio/ch/Streams
Event: 1.857 Loading class sun/nio/ch/Streams done
Event: 1.857 Loading class sun/nio/ch/SocketChannelImpl
Event: 1.857 Loading class sun/nio/ch/SelChImpl
Event: 1.857 Loading class sun/nio/ch/SelChImpl done
Event: 1.859 Loading class java/nio/channels/SocketChannel
Event: 1.859 Loading class java/nio/channels/NetworkChannel
Event: 1.859 Loading class java/nio/channels/NetworkChannel done
Event: 1.859 Loading class java/nio/channels/spi/AbstractSelectableChannel
Event: 1.859 Loading class java/nio/channels/SelectableChannel
Event: 1.860 Loading class java/nio/channels/SelectableChannel done
Event: 1.860 Loading class java/nio/channels/spi/AbstractSelectableChannel done
Event: 1.860 Loading class java/nio/channels/SocketChannel done
Event: 1.860 Loading class sun/nio/ch/SocketChannelImpl done
Event: 1.860 Loading class sun/nio/ch/ChannelInputStream
Event: 1.860 Loading class sun/nio/ch/ChannelInputStream done
Event: 1.865 Loading class sun/nio/ch/IOStatus
Event: 1.865 Loading class sun/nio/ch/IOStatus done

Classes unloaded (0 events):
No events

Classes redefined (0 events):
No events

Internal exceptions (20 events):
Event: 0.537 Thread 0x000001cf6d732d10 Exception <a 'java/lang/NoSuchMethodError'{0x000000071364a520}: 'void java.lang.invoke.DirectMethodHandle$Holder.invokeSpecial(java.lang.Object, java.lang.Object, java.lang.Object, java.lang.Object, java.lang.Object)'> (0x000000071364a520) 
thrown [s\src\hotspot\share\interpreter\linkResolver.cpp, line 773]
Event: 0.544 Thread 0x000001cf6d732d10 Exception <a 'java/lang/NoSuchMethodError'{0x000000071368f9a8}: 'int java.lang.invoke.DirectMethodHandle$Holder.invokeVirtual(java.lang.Object, java.lang.Object)'> (0x000000071368f9a8) 
thrown [s\src\hotspot\share\interpreter\linkResolver.cpp, line 773]
Event: 0.556 Thread 0x000001cf6d732d10 Exception <a 'java/lang/NoSuchMethodError'{0x000000071372adc8}: 'java.lang.Object java.lang.invoke.DirectMethodHandle$Holder.invokeSpecial(java.lang.Object, java.lang.Object, java.lang.Object, int, java.lang.Object)'> (0x000000071372adc8) 
thrown [s\src\hotspot\share\interpreter\linkResolver.cpp, line 773]
Event: 0.557 Thread 0x000001cf6d732d10 Exception <a 'java/lang/NoSuchMethodError'{0x00000007137328a8}: 'java.lang.Object java.lang.invoke.DirectMethodHandle$Holder.newInvokeSpecial(java.lang.Object, java.lang.Object, java.lang.Object, int, java.lang.Object)'> (0x00000007137328a8) 
thrown [s\src\hotspot\share\interpreter\linkResolver.cpp, line 773]
Event: 0.557 Thread 0x000001cf6d732d10 Exception <a 'java/lang/NoSuchMethodError'{0x000000071373a070}: 'java.lang.Object java.lang.invoke.Invokers$Holder.linkToTargetMethod(java.lang.Object, java.lang.Object, int, java.lang.Object, java.lang.Object)'> (0x000000071373a070) 
thrown [s\src\hotspot\share\interpreter\linkResolver.cpp, line 773]
Event: 0.558 Thread 0x000001cf6d732d10 Exception <a 'java/lang/NoSuchMethodError'{0x00000007137484c0}: 'java.lang.Object java.lang.invoke.DirectMethodHandle$Holder.newInvokeSpecial(java.lang.Object, int, java.lang.Object)'> (0x00000007137484c0) 
thrown [s\src\hotspot\share\interpreter\linkResolver.cpp, line 773]
Event: 0.559 Thread 0x000001cf6d732d10 Exception <a 'java/lang/NoSuchMethodError'{0x000000071374d000}: 'int java.lang.invoke.DirectMethodHandle$Holder.invokeSpecialIFC(java.lang.Object, java.lang.Object, java.lang.Object, java.lang.Object)'> (0x000000071374d000) 
thrown [s\src\hotspot\share\interpreter\linkResolver.cpp, line 773]
Event: 0.571 Thread 0x000001cf6d732d10 Exception <a 'java/lang/NoSuchMethodError'{0x00000007134188d0}: 'void java.lang.invoke.DirectMethodHandle$Holder.invokeInterface(java.lang.Object, java.lang.Object, java.lang.Object)'> (0x00000007134188d0) 
thrown [s\src\hotspot\share\interpreter\linkResolver.cpp, line 773]
Event: 0.583 Thread 0x000001cf6d732d10 Exception <a 'java/lang/NoSuchMethodError'{0x00000007134b5ed0}: 'void java.lang.invoke.DirectMethodHandle$Holder.invokeStaticInit(java.lang.Object, java.lang.Object, java.lang.Object)'> (0x00000007134b5ed0) 
thrown [s\src\hotspot\share\interpreter\linkResolver.cpp, line 773]
Event: 0.585 Thread 0x000001cf6d732d10 Exception <a 'java/lang/NoSuchMethodError'{0x00000007134ff458}: 'java.lang.Object java.lang.invoke.DirectMethodHandle$Holder.invokeVirtual(java.lang.Object, java.lang.Object, java.lang.Object)'> (0x00000007134ff458) 
thrown [s\src\hotspot\share\interpreter\linkResolver.cpp, line 773]
Event: 0.596 Thread 0x000001cf6d732d10 Exception <a 'java/lang/NoSuchMethodError'{0x0000000713574498}: 'void java.lang.invoke.DirectMethodHandle$Holder.invokeVirtual(java.lang.Object, java.lang.Object, java.lang.Object, java.lang.Object)'> (0x0000000713574498) 
thrown [s\src\hotspot\share\interpreter\linkResolver.cpp, line 773]
Event: 0.651 Thread 0x000001cf6d732d10 Exception <a 'java/lang/NoSuchMethodError'{0x00000007130c45b0}: 'java.lang.reflect.Field[] java.lang.Class.getDeclaredFields(java.lang.Class)'> (0x00000007130c45b0) 
thrown [s\src\hotspot\share\interpreter\linkResolver.cpp, line 773]
Event: 0.652 Thread 0x000001cf6d732d10 Exception <a 'java/lang/NoSuchMethodError'{0x00000007130c8fc0}: 'java.lang.Object java.lang.invoke.DirectMethodHandle$Holder.invokeStatic(java.lang.Object, java.lang.Object, int)'> (0x00000007130c8fc0) 
thrown [s\src\hotspot\share\interpreter\linkResolver.cpp, line 773]
Event: 0.653 Thread 0x000001cf6d732d10 Exception <a 'java/lang/NoSuchMethodError'{0x00000007130d4410}: 'void java.lang.invoke.DelegatingMethodHandle$Holder.delegate(java.lang.Object, java.lang.Object, int, java.lang.Object)'> (0x00000007130d4410) 
thrown [s\src\hotspot\share\interpreter\linkResolver.cpp, line 773]
Event: 0.659 Thread 0x000001cf6d732d10 Exception <a 'java/lang/IncompatibleClassChangeError'{0x00000007131d2aa0}: Found class java.lang.Object, but interface was expected> (0x00000007131d2aa0) 
thrown [s\src\hotspot\share\interpreter\linkResolver.cpp, line 840]
Event: 0.662 Thread 0x000001cf6d732d10 Exception <a 'java/lang/NoSuchMethodError'{0x0000000712e483a0}: 'java.lang.Object java.lang.invoke.DirectMethodHandle$Holder.invokeStaticInit(java.lang.Object, int)'> (0x0000000712e483a0) 
thrown [s\src\hotspot\share\interpreter\linkResolver.cpp, line 773]
Event: 0.664 Thread 0x000001cf6d732d10 Exception <a 'java/lang/NoSuchMethodError'{0x0000000712e526c8}: 'java.lang.Object java.lang.invoke.DirectMethodHandle$Holder.invokeStatic(java.lang.Object, int, java.lang.Object)'> (0x0000000712e526c8) 
thrown [s\src\hotspot\share\interpreter\linkResolver.cpp, line 773]
Event: 0.665 Thread 0x000001cf6d732d10 Exception <a 'java/lang/NoSuchMethodError'{0x0000000712e55d58}: 'java.lang.Object java.lang.invoke.DirectMethodHandle$Holder.invokeStaticInit(java.lang.Object, int, java.lang.Object)'> (0x0000000712e55d58) 
thrown [s\src\hotspot\share\interpreter\linkResolver.cpp, line 773]
Event: 0.832 Thread 0x000001cf6d732d10 Exception <a 'java/lang/NoSuchMethodError'{0x00000007137abe80}: 'int java.lang.invoke.DirectMethodHandle$Holder.invokeSpecial(java.lang.Object, java.lang.Object, java.lang.Object, java.lang.Object, java.lang.Object)'> (0x00000007137abe80) 
thrown [s\src\hotspot\share\interpreter\linkResolver.cpp, line 773]
Event: 0.833 Thread 0x000001cf6d732d10 Exception <a 'java/lang/NoSuchMethodError'{0x00000007137b42b0}: 'void java.lang.invoke.DirectMethodHandle$Holder.invokeVirtual(java.lang.Object, java.lang.Object)'> (0x00000007137b42b0) 
thrown [s\src\hotspot\share\interpreter\linkResolver.cpp, line 773]

ZGC Phase Switch (0 events):
No events

VM Operations (20 events):
Event: 0.565 Executing VM operation: ICBufferFull
Event: 0.565 Executing VM operation: ICBufferFull done
Event: 0.630 Executing VM operation: HandshakeAllThreads (Deoptimize)
Event: 0.630 Executing VM operation: HandshakeAllThreads (Deoptimize) done
Event: 0.631 Executing VM operation: HandshakeAllThreads (Deoptimize)
Event: 0.631 Executing VM operation: HandshakeAllThreads (Deoptimize) done
Event: 0.632 Executing VM operation: HandshakeAllThreads (Deoptimize)
Event: 0.632 Executing VM operation: HandshakeAllThreads (Deoptimize) done
Event: 0.652 Executing VM operation: HandshakeAllThreads (Deoptimize)
Event: 0.652 Executing VM operation: HandshakeAllThreads (Deoptimize) done
Event: 0.722 Executing VM operation: G1CollectForAllocation (G1 Evacuation Pause)
Event: 0.725 Executing VM operation: G1CollectForAllocation (G1 Evacuation Pause) done
Event: 0.789 Executing VM operation: HandshakeAllThreads (Deoptimize)
Event: 0.790 Executing VM operation: HandshakeAllThreads (Deoptimize) done
Event: 0.821 Executing VM operation: HandshakeAllThreads (Deoptimize)
Event: 0.821 Executing VM operation: HandshakeAllThreads (Deoptimize) done
Event: 1.828 Executing VM operation: Cleanup
Event: 1.828 Executing VM operation: Cleanup done
Event: 2.843 Executing VM operation: Cleanup
Event: 2.843 Executing VM operation: Cleanup done

Memory protections (0 events):
No events

Nmethod flushes (0 events):
No events

Events (20 events):
Event: 0.013 Thread 0x000001cf05d45d70 Thread added: 0x000001cf05d45d70
Event: 0.021 Thread 0x000001cf05d45d70 Thread added: 0x000001cf26db1830
Event: 0.021 Thread 0x000001cf05d45d70 Thread added: 0x000001cf26db4390
Event: 0.021 Thread 0x000001cf05d45d70 Thread added: 0x000001cf26db71f0
Event: 0.021 Thread 0x000001cf05d45d70 Thread added: 0x000001cf26db7c40
Event: 0.021 Thread 0x000001cf05d45d70 Thread added: 0x000001cf26db87c0
Event: 0.021 Thread 0x000001cf05d45d70 Thread added: 0x000001cf26dbd7a0
Event: 0.021 Thread 0x000001cf05d45d70 Thread added: 0x000001cf26dbe780
Event: 0.022 Thread 0x000001cf05d45d70 Thread added: 0x000001cf279785b0
Event: 0.052 Thread 0x000001cf279785b0 Thread added: 0x000001cf27ab7700
Event: 0.056 Thread 0x000001cf279785b0 Thread added: 0x000001cf27abce00
Event: 0.067 Thread 0x000001cf05d45d70 Thread added: 0x000001cf27b62a70
Event: 0.084 Thread 0x000001cf27ab7700 Thread added: 0x000001cf27b7d2d0
Event: 0.086 Thread 0x000001cf27b7d2d0 Thread added: 0x000001cf27b7bf40
Event: 0.088 Thread 0x000001cf27b7bf40 Thread added: 0x000001cf27cc6f70
Event: 0.121 Thread 0x000001cf05d45d70 Thread added: 0x000001cf27d6e2e0
Event: 0.121 Thread 0x000001cf05d45d70 Thread added: 0x000001cf6d0b8b00
Event: 0.371 Thread 0x000001cf05d45d70 Thread added: 0x000001cf6d7ec130
Event: 0.375 Thread 0x000001cf6d7ec130 Thread added: 0x000001cf6d732d10
Event: 0.649 Thread 0x000001cf6d732d10 Thread added: 0x000001cf6db57210


Dynamic libraries:
0x00007ff710170000 - 0x00007ff71017e000 	C:\Users\admn\.jdks\ms-21.0.9\bin\java.exe
0x00007ff80df20000 - 0x00007ff80e187000 	C:\WINDOWS\SYSTEM32\ntdll.dll
0x00007ff80bd10000 - 0x00007ff80bdd9000 	C:\WINDOWS\System32\KERNEL32.DLL
0x00007ff80b1b0000 - 0x00007ff80b59f000 	C:\WINDOWS\System32\KERNELBASE.dll
0x00007ff80bb40000 - 0x00007ff80bc8b000 	C:\WINDOWS\System32\ucrtbase.dll
0x00007ff802840000 - 0x00007ff80285e000 	C:\Users\admn\.jdks\ms-21.0.9\bin\VCRUNTIME140.dll
0x00007ff805920000 - 0x00007ff805938000 	C:\Users\admn\.jdks\ms-21.0.9\bin\jli.dll
0x00007ff80be90000 - 0x00007ff80c055000 	C:\WINDOWS\System32\USER32.dll
0x00007ff80bc90000 - 0x00007ff80bcb7000 	C:\WINDOWS\System32\win32u.dll
0x00007ffff45a0000 - 0x00007ffff4833000 	C:\WINDOWS\WinSxS\amd64_microsoft.windows.common-controls_6595b64144ccf1df_6.0.26100.7309_none_3e05feeae336a044\COMCTL32.dll
0x00007ff80d6e0000 - 0x00007ff80d70b000 	C:\WINDOWS\System32\GDI32.dll
0x00007ff80ba10000 - 0x00007ff80bb3c000 	C:\WINDOWS\System32\gdi32full.dll
0x00007ff80db60000 - 0x00007ff80dc09000 	C:\WINDOWS\System32\msvcrt.dll
0x00007ff80b5b0000 - 0x00007ff80b653000 	C:\WINDOWS\System32\msvcp_win.dll
0x00007ff80dea0000 - 0x00007ff80ded1000 	C:\WINDOWS\System32\IMM32.DLL
0x00007ff802830000 - 0x00007ff80283c000 	C:\Users\admn\.jdks\ms-21.0.9\bin\vcruntime140_1.dll
0x00007ffff9880000 - 0x00007ffff9909000 	C:\Users\admn\.jdks\ms-21.0.9\bin\msvcp140.dll
0x00007fff9a500000 - 0x00007fff9b2ad000 	C:\Users\admn\.jdks\ms-21.0.9\bin\server\jvm.dll
0x00007ff80d9f0000 - 0x00007ff80daa4000 	C:\WINDOWS\System32\ADVAPI32.dll
0x00007ff80bde0000 - 0x00007ff80be86000 	C:\WINDOWS\System32\sechost.dll
0x00007ff80c3f0000 - 0x00007ff80c508000 	C:\WINDOWS\System32\RPCRT4.dll
0x00007ff80c280000 - 0x00007ff80c2f4000 	C:\WINDOWS\System32\WS2_32.dll
0x00007ff80aed0000 - 0x00007ff80af2e000 	C:\WINDOWS\SYSTEM32\POWRPROF.dll
0x00007ff802f80000 - 0x00007ff802fb5000 	C:\WINDOWS\SYSTEM32\WINMM.dll
0x00007ff8023e0000 - 0x00007ff8023eb000 	C:\WINDOWS\SYSTEM32\VERSION.dll
0x00007ff80aeb0000 - 0x00007ff80aec4000 	C:\WINDOWS\SYSTEM32\UMPDC.dll
0x00007ff809d80000 - 0x00007ff809d9b000 	C:\WINDOWS\SYSTEM32\kernel.appcore.dll
0x00007ff802820000 - 0x00007ff80282a000 	C:\Users\admn\.jdks\ms-21.0.9\bin\jimage.dll
0x00007ff808740000 - 0x00007ff808982000 	C:\WINDOWS\SYSTEM32\DBGHELP.DLL
0x00007ff80d350000 - 0x00007ff80d6d5000 	C:\WINDOWS\System32\combase.dll
0x00007ff80cd20000 - 0x00007ff80cdf6000 	C:\WINDOWS\System32\OLEAUT32.dll
0x00007ffff26c0000 - 0x00007ffff26fc000 	C:\WINDOWS\SYSTEM32\dbgcore.DLL
0x00007ff80b100000 - 0x00007ff80b1a5000 	C:\WINDOWS\System32\bcryptPrimitives.dll
0x00007ff802810000 - 0x00007ff802820000 	C:\Users\admn\.jdks\ms-21.0.9\bin\instrument.dll
0x00007ff8027e0000 - 0x00007ff802801000 	C:\Users\admn\.jdks\ms-21.0.9\bin\java.dll
0x00007ff80c590000 - 0x00007ff80cce3000 	C:\WINDOWS\System32\SHELL32.dll
0x00007ff80b8a0000 - 0x00007ff80ba0a000 	C:\WINDOWS\System32\wintypes.dll
0x00007ff808cb0000 - 0x00007ff80950e000 	C:\WINDOWS\SYSTEM32\windows.storage.dll
0x00007ff80d8f0000 - 0x00007ff80d9e5000 	C:\WINDOWS\System32\SHCORE.dll
0x00007ff80c380000 - 0x00007ff80c3e6000 	C:\WINDOWS\System32\shlwapi.dll
0x00007ff80af90000 - 0x00007ff80afb9000 	C:\WINDOWS\SYSTEM32\profapi.dll
0x00007fffdce40000 - 0x00007fffdcf16000 	C:\Users\admn\.jdks\ms-21.0.9\bin\jsvml.dll
0x00007ff802320000 - 0x00007ff802338000 	C:\Users\admn\.jdks\ms-21.0.9\bin\zip.dll
0x00007ff8027c0000 - 0x00007ff8027d1000 	C:\Users\admn\.jdks\ms-21.0.9\bin\net.dll
0x00007ff800fc0000 - 0x00007ff8010e8000 	C:\WINDOWS\SYSTEM32\WINHTTP.dll
0x00007ff80a390000 - 0x00007ff80a3fb000 	C:\WINDOWS\system32\mswsock.dll
0x00007ff802780000 - 0x00007ff802796000 	C:\Users\admn\.jdks\ms-21.0.9\bin\nio.dll
0x00007ff8027b0000 - 0x00007ff8027b9000 	C:\Users\admn\.jdks\ms-21.0.9\bin\extnet.dll
0x00007ffff9870000 - 0x00007ffff987a000 	C:\Users\admn\.jdks\ms-21.0.9\bin\management.dll
0x00007ffff9860000 - 0x00007ffff986c000 	C:\Users\admn\.jdks\ms-21.0.9\bin\management_ext.dll
0x00007ff80de80000 - 0x00007ff80de88000 	C:\WINDOWS\System32\PSAPI.DLL

JVMTI agents:
C:\Users\admn\IntelliJ IDEA 2025.2.3\lib\idea_rt.jar path:C:\Users\admn\.jdks\ms-21.0.9\bin\instrument.dll, loaded, initialized, instrumentlib options:63728

dbghelp: loaded successfully - version: 4.0.5 - missing functions: none
symbol engine: initialized successfully - sym options: 0x614 - pdb path: .;C:\Users\admn\.jdks\ms-21.0.9\bin;C:\WINDOWS\SYSTEM32;C:\WINDOWS\WinSxS\amd64_microsoft.windows.common-controls_6595b64144ccf1df_6.0.26100.7309_none_3e05feeae336a044;C:\Users\admn\.jdks\ms-21.0.9\bin\server

VM Arguments:
jvm_args: -javaagent:C:\Users\admn\IntelliJ IDEA 2025.2.3\lib\idea_rt.jar=63728 -Dfile.encoding=UTF-8 -Dsun.stdout.encoding=UTF-8 -Dsun.stderr.encoding=UTF-8 
java_command: com.pdp.restaurant.Application
java_class_path (initial): E:\PhamDinhPhungProject3\pdp.restaurant\target\classes;C:\Users\admn\.m2\repository\org\springframework\boot\spring-boot-starter-web\3.4.12\spring-boot-starter-web-3.4.12.jar;C:\Users\admn\.m2\repository\org\springframework\boot\spring-boot-starter\3.4.12\spring-boot-starter-3.4.12.jar;C:\Users\admn\.m2\repository\org\springframework\boot\spring-boot-starter-logging\3.4.12\spring-boot-starter-logging-3.4.12.jar;C:\Users\admn\.m2\repository\ch\qos\logback\logback-classic\1.5.21\logback-classic-1.5.21.jar;C:\Users\admn\.m2\repository\ch\qos\logback\logback-core\1.5.21\logback-core-1.5.21.jar;C:\Users\admn\.m2\repository\org\apache\logging\log4j\log4j-to-slf4j\2.24.3\log4j-to-slf4j-2.24.3.jar;C:\Users\admn\.m2\repository\org\apache\logging\log4j\log4j-api\2.24.3\log4j-api-2.24.3.jar;C:\Users\admn\.m2\repository\org\slf4j\jul-to-slf4j\2.0.17\jul-to-slf4j-2.0.17.jar;C:\Users\admn\.m2\repository\jakarta\annotation\jakarta.annotation-api\2.1.1\jakarta.annotation-api-2.1.1.jar;C:\Users\admn\.m2\repository\org\yaml\snakeyaml\2.3\snakeyaml-2.3.jar;C:\Users\admn\.m2\repository\org\springframework\boot\spring-boot-starter-json\3.4.12\spring-boot-starter-json-3.4.12.jar;C:\Users\admn\.m2\repository\com\fasterxml\jackson\core\jackson-databind\2.18.5\jackson-databind-2.18.5.jar;C:\Users\admn\.m2\repository\com\fasterxml\jackson\core\jackson-annotations\2.18.5\jackson-annotations-2.18.5.jar;C:\Users\admn\.m2\repository\com\fasterxml\jackson\core\jackson-core\2.18.5\jackson-core-2.18.5.jar;C:\Users\admn\.m2\repository\com\fasterxml\jackson\datatype\jackson-datatype-jdk8\2.18.5\jackson-datatype-jdk8-2.18.5.jar;C:\Users\admn\.m2\repository\com\fasterxml\jackson\datatype\jackson-datatype-jsr310\2.18.5\jackson-datatype-jsr310-2.18.5.jar;C:\Users\admn\.m2\repository\com\fasterxml\jackson\module\jackson-module-parameter-names\2.18.5\jackson-module-parameter-names-2.18.5.jar;C:\Users\admn\.m2\repository\org\springframework\boot\spring-boot-starter-tomcat\3.4.12\spring-boot-starter-tomcat-3.4.12.jar;C:\Users\admn\.m2\repository\org\apache\tomcat\embed\tomcat-embed-core\10.1.49\tomcat-embed-core-10.1.49.jar;C:\Users\admn\.m2\repository\org\apache\tomcat\embed\tomcat-embed-websocket\10.1.49\tomcat-embed-websocket-10.1.49.jar;C:\Users\admn\.m2\repository\org\springframework\spring-web\6.2.14\spring-web-6.2.14.jar;C:\Users\admn\.m2\repository\org\springframework\spring-beans\6.2.14\spring-beans-6.2.14.jar;C:\Users\admn\.m2\repository\io\micrometer\micrometer-observation\1.14.13\micrometer-observation-1.14.13.jar;C:\Users\admn\.m2\repository\io\micrometer\micrometer-commons\1.14.13\micrometer-commons-1.14.13.jar;C:\Users\admn\.m2\repository\org\springframework\spring-webmvc\6.2.14\spring-webmvc-6.2.14.jar;C:\Users\admn\.m2\repository\org\springframework\spring-context\6.2.14\spring-context-6.2.14.jar;C:\Users\admn\.m2\repository\org\springframework\spring-expression\6.2.14\spring-expression-6.2.14.jar;C:\Users\admn\.m2\repository\org\springframework\boot\spring-boot-starter-thymeleaf\3.4.12\spring-boot-starter-thymeleaf-3.4.12.jar;C:\Users\admn\.m2\repository\org\thymeleaf\thymeleaf-spring6\3.1.3.RELEASE\thymeleaf-spring6-3.1.3.RELEASE.jar;C:\Users\admn\.m2\repository\org\thymeleaf\thymeleaf\3.1.3.RELEASE\thymeleaf-3.1.3.RELEASE.jar;C:\Users\admn\.m2\repository\org\attoparser\attoparser\2.0.7.RELEASE\attoparser-2.0.7.RELEASE.jar;C:\Users\admn\.m2\repository\org\unbescape\unbescape\1.1.6.RELEASE\unbescape-1.1.6.RELEASE.jar;C:\Users\admn\.m2\repository\org\thymeleaf\extras\thymeleaf-extras-springsecurity6\3.1.3.RELEASE\thymeleaf-extras-springsecurity6-3.1.3.RELEASE.jar;C:\Users\admn\.m2\repository\org\slf4j\slf4j-api\2.0.17\slf4j-api-2.0.17.jar;C:\Users\admn\.m2\repository\org\springframework\boot\spring-boot-starter-data-jpa\3.4.12\spring-boot-starter-data-jpa-3.4.12.jar;C:\Users\admn\.m2\repository\org\springframework\boot\spring-boot-starter-jdbc\3.4.12\spring-boot-starter-jdbc-3.4.12.jar;C:\Users\admn\.m2\repository\com\zaxxer\HikariCP\5.1.0\HikariCP-5.1.0.jar;C:\Users\admn\.m2\repository\org\springframework\spring-jdbc\6.2.14\spring-jdbc-6.2.14.jar;C:\Users\admn\.m2\repository\org\hibernate\orm\hibernate-core\6.6.36.Final\hibernate-core-6.6.36.Final.jar;C:\Users\admn\.m2\repository\jakarta\persistence\jakarta.persistence-api\3.1.0\jakarta.persistence-api-3.1.0.jar;C:\Users\admn\.m2\repository\jakarta\transaction\jakarta.transaction-api\2.0.1\jakarta.transaction-api-2.0.1.jar;C:\Users\admn\.m2\repository\org\jboss\logging\jboss-logging\3.6.1.Final\jboss-logging-3.6.1.Final.jar;C:\Users\admn\.m2\repository\org\hibernate\common\hibernate-commons-annotations\7.0.3.Final\hibernate-commons-annotations-7.0.3.Final.jar;C:\Users\admn\.m2\repository\io\smallrye\jandex\3.2.0\jandex-3.2.0.jar;C:\Users\admn\.m2\repository\com\fasterxml\classmate\1.7.1\classmate-1.7.1.jar;C:\Users\admn\.m2\repository\net\bytebuddy\byte-buddy\1.15.11\byte-buddy-1.15.11.jar;C:\Users\admn\.m2\repository\org\glassfish\jaxb\jaxb-runtime\4.0.6\jaxb-runtime-4.0.6.jar;C:\Users\admn\.m2\repository\org\glassfish\jaxb\jaxb-core\4.0.6\jaxb-core-4.0.6.jar;C:\Users\admn\.m2\repository\org\eclipse\angus\angus-activation\2.0.3\angus-activation-2.0.3.jar;C:\Users\admn\.m2\repository\org\glassfish\jaxb\txw2\4.0.6\txw2-4.0.6.jar;C:\Users\admn\.m2\repository\com\sun\istack\istack-commons-runtime\4.1.2\istack-commons-runtime-4.1.2.jar;C:\Users\admn\.m2\repository\jakarta\inject\jakarta.inject-api\2.0.1\jakarta.inject-api-2.0.1.jar;C:\Users\admn\.m2\repository\org\antlr\antlr4-runtime\4.13.0\antlr4-runtime-4.13.0.jar;C:\Users\admn\.m2\repository\org\springframework\data\spring-data-jpa\3.4.12\spring-data-jpa-3.4.12.jar;C:\Users\admn\.m2\repository\org\springframework\data\spring-data-commons\3.4.12\spring-data-commons-3.4.12.jar;C:\Users\admn\.m2\repository\org\springframework\spring-orm\6.2.14\spring-orm-6.2.14.jar;C:\Users\admn\.m2\repository\org\springframework\spring-tx\6.2.14\spring-tx-6.2.14.jar;C:\Users\admn\.m2\repository\org\springframework\spring-aspects\6.2.14\spring-aspects-6.2.14.jar;C:\Users\admn\.m2\repository\org\aspectj\aspectjweaver\1.9.25\aspectjweaver-1.9.25.jar;C:\Users\admn\.m2\repository\org\springframework\boot\spring-boot-starter-security\3.4.12\spring-boot-starter-security-3.4.12.jar;C:\Users\admn\.m2\repository\org\springframework\spring-aop\6.2.14\spring-aop-6.2.14.jar;C:\Users\admn\.m2\repository\org\springframework\security\spring-security-config\6.4.13\spring-security-config-6.4.13.jar;C:\Users\admn\.m2\repository\org\springframework\security\spring-security-web\6.4.13\spring-security-web-6.4.13.jar;C:\Users\admn\.m2\repository\org\springframework\boot\spring-boot-starter-validation\3.4.12\spring-boot-starter-validation-3.4.12.jar;C:\Users\admn\.m2\repository\org\apache\tomcat\embed\tomcat-embed-el\10.1.49\tomcat-embed-el-10.1.49.jar;C:\Users\admn\.m2\repository\org\hibernate\validator\hibernate-validator\8.0.3.Final\hibernate-validator-8.0.3.Final.jar;C:\Users\admn\.m2\repository\jakarta\validation\jakarta.validation-api\3.0.2\jakarta.validation-api-3.0.2.jar;C:\Users\admn\.m2\repository\com\mysql\mysql-connector-j\9.5.0\mysql-connector-j-9.5.0.jar;C:\Users\admn\.m2\repository\org\projectlombok\lombok\1.18.42\lombok-1.18.42.jar;C:\Users\admn\.m2\repository\org\springframework\boot\spring-boot-devtools\3.4.12\spring-boot-devtools-3.4.12.jar;C:\Users\admn\.m2\repository\org\springframework\boot\spring-boot\3.4.12\spring-boot-3.4.12.jar;C:\Users\admn\.m2\repository\org\springframework\boot\spring-boot-autoconfigure\3.4.12\spring-boot-autoconfigure-3.4.12.jar;C:\Users\admn\.m2\repository\jakarta\xml\bind\jakarta.xml.bind-api\4.0.4\jakarta.xml.bind-api-4.0.4.jar;C:\Users\admn\.m2\repository\jakarta\activation\jakarta.activation-api\2.1.4\jakarta.activation-api-2.1.4.jar;C:\Users\admn\.m2\repository\org\springframework\spring-core\6.2.14\spring-core-6.2.14.jar;C:\Users\admn\.m2\repository\org\springframework\spring-jcl\6.2.14\spring-jcl-6.2.14.jar;C:\Users\admn\.m2\repository\org\springframework\security\spring-security-core\6.4.13\spring-security-core-6.4.13.jar;C:\Users\admn\.m2\repository\org\springframework\security\spring-security-crypto\6.4.13\spring-security-crypto-6.4.13.jar
Launcher Type: SUN_STANDARD

[Global flags]
     intx CICompilerCount                          = 12                                        {product} {ergonomic}
     uint ConcGCThreads                            = 3                                         {product} {ergonomic}
     uint G1ConcRefinementThreads                  = 13                                        {product} {ergonomic}
   size_t G1HeapRegionSize                         = 2097152                                   {product} {ergonomic}
    uintx GCDrainStackTargetSize                   = 64                                        {product} {ergonomic}
   size_t InitialHeapSize                          = 264241152                                 {product} {ergonomic}
   size_t MarkStackSize                            = 4194304                                   {product} {ergonomic}
   size_t MaxHeapSize                              = 4219469824                                {product} {ergonomic}
   size_t MaxNewSize                               = 2531262464                                {product} {ergonomic}
   size_t MinHeapDeltaBytes                        = 2097152                                   {product} {ergonomic}
   size_t MinHeapSize                              = 8388608                                   {product} {ergonomic}
    uintx NonNMethodCodeHeapSize                   = 7602480                                {pd product} {ergonomic}
    uintx NonProfiledCodeHeapSize                  = 122027880                              {pd product} {ergonomic}
    uintx ProfiledCodeHeapSize                     = 122027880                              {pd product} {ergonomic}
    uintx ReservedCodeCacheSize                    = 251658240                              {pd product} {ergonomic}
     bool SegmentedCodeCache                       = true                                      {product} {ergonomic}
   size_t SoftMaxHeapSize                          = 4219469824                             {manageable} {ergonomic}
     bool UseCompressedOops                        = true                           {product lp64_product} {ergonomic}
     bool UseG1GC                                  = true                                      {product} {ergonomic}
     bool UseLargePagesIndividualAllocation        = false                                  {pd product} {ergonomic}

Logging:
Log output configuration:
 #0: stdout all=warning uptime,level,tags foldmultilines=false
 #1: stderr all=off uptime,level,tags foldmultilines=false

Release file:
IMPLEMENTOR="Microsoft" 
IMPLEMENTOR_VERSION="Microsoft-12574459" 
JAVA_RUNTIME_VERSION="21.0.9+10-LTS" 
JAVA_VERSION="21.0.9" 
JAVA_VERSION_DATE="2025-10-21" 
LIBC="default" 
MODULES="java.base java.compiler java.datatransfer java.xml java.prefs java.desktop java.instrument java.logging java.management java.security.sasl java.naming java.rmi java.management.rmi java.net.http java.scripting java.security.jgss java.transaction.xa java.sql java.sql.rowset java.xml.crypto java.se java.smartcardio jdk.accessibility jdk.internal.jvmstat jdk.attach jdk.charsets jdk.internal.opt jdk.zipfs jdk.compiler jdk.crypto.ec jdk.crypto.cryptoki jdk.crypto.mscapi jdk.dynalink jdk.internal.ed jdk.editpad jdk.hotspot.agent jdk.httpserver jdk.incubator.vector jdk.internal.le jdk.internal.vm.ci jdk.internal.vm.compiler jdk.internal.vm.compiler.management jdk.jartool jdk.javadoc jdk.jcmd jdk.management jdk.management.agent jdk.jconsole jdk.jdeps jdk.jdwp.agent jdk.jdi jdk.jfr jdk.jlink jdk.jpackage jdk.jshell jdk.jsobject jdk.jstatd jdk.localedata jdk.management.jfr jdk.naming.dns jdk.naming.rmi jdk.net jdk.nio.mapmode jdk.random jdk.sctp jdk.security.auth jdk.security.jgss jdk.unsupported jdk.unsupported.desktop jdk.xml.dom" 
OS_ARCH="x86_64" 
OS_NAME="Windows" 
SOURCE=".:git:e0bc49609000" 

Environment Variables:
PATH=C:\Program Files (x86)\VMware\VMware Workstation\bin\;C:\Program Files\Common Files\Oracle\Java\javapath;C:\Windows\system32;C:\Windows;C:\Windows\System32\Wbem;C:\Windows\System32\WindowsPowerShell\v1.0\;C:\Windows\System32\OpenSSH\;C:\Program Files (x86)\NVIDIA Corporation\PhysX\Common;C:\Program Files\NVIDIA Corporation\NVIDIA NvDLISR;C:\Program Files (x86)\Microsoft SQL Server\160\Tools\Binn\;C:\Program Files\Microsoft SQL Server\160\Tools\Binn\;C:\Program Files\Microsoft SQL Server\Client SDK\ODBC\170\Tools\Binn\;C:\Program Files\Microsoft SQL Server\160\DTS\Binn\;C:\Program Files (x86)\Microsoft SQL Server\160\DTS\Binn\;E:\DevXampp\php;E:\Devxamp\php;C:\DevXamppp\php;C:\composer;C:\Program Files\Git\cmd;C:\Program Files\nodejs\;C:\WINDOWS\system32;C:\WINDOWS;C:\WINDOWS\System32\Wbem;C:\WINDOWS\System32\WindowsPowerShell\v1.0\;C:\WINDOWS\System32\OpenSSH\;C:\Program Files\dotnet\;C:\Users\admn\AppData\Local\Microsoft\WindowsApps;C:\Users\admn\AppData\Local\Programs\Microsoft VS Code\bin;C:\Users\admn\AppData\Roaming\Composer\vendor\bin;C:\Users\admn\AppData\Roaming\npm;C:\Users\admn\.dotnet\tools
USERNAME=admn
OS=Windows_NT
PROCESSOR_IDENTIFIER=Intel64 Family 6 Model 154 Stepping 3, GenuineIntel
TMP=C:\Users\admn\AppData\Local\Temp
TEMP=C:\Users\admn\AppData\Local\Temp




Periodic native trim disabled

---------------  S Y S T E M  ---------------

OS:
 Windows 11 , 64 bit Build 26100 (10.0.26100.7309)
OS uptime: 6 days 8:18 hours

CPU: total 16 (initial active 16) (8 cores per cpu, 2 threads per core) family 6 model 154 stepping 3 microcode 0x421, cx8, cmov, fxsr, ht, mmx, 3dnowpref, sse, sse2, sse3, ssse3, sse4.1, sse4.2, popcnt, lzcnt, tsc, tscinvbit, avx, avx2, aes, erms, clmul, bmi1, bmi2, adx, sha, fma, vzeroupper, clflush, clflushopt, clwb, serialize, rdtscp, rdpid, fsrm, f16c, pku, cet_ibt, cet_ss
Processor Information for processor 0
  Max Mhz: 2500, Current Mhz: 2500, Mhz Limit: 2500
Processor Information for processor 1
  Max Mhz: 2500, Current Mhz: 2500, Mhz Limit: 2500
Processor Information for processor 2
  Max Mhz: 2500, Current Mhz: 2500, Mhz Limit: 2500
Processor Information for processor 3
  Max Mhz: 2500, Current Mhz: 2500, Mhz Limit: 2500
Processor Information for processor 4
  Max Mhz: 2500, Current Mhz: 2500, Mhz Limit: 2500
Processor Information for processor 5
  Max Mhz: 2500, Current Mhz: 2500, Mhz Limit: 2500
Processor Information for processor 6
  Max Mhz: 2500, Current Mhz: 2500, Mhz Limit: 2500
Processor Information for processor 7
  Max Mhz: 2500, Current Mhz: 2500, Mhz Limit: 2500
Processor Information for processor 8
  Max Mhz: 2500, Current Mhz: 1500, Mhz Limit: 1800
Processor Information for processor 9
  Max Mhz: 2500, Current Mhz: 1800, Mhz Limit: 1800
Processor Information for processor 10
  Max Mhz: 2500, Current Mhz: 1800, Mhz Limit: 1800
Processor Information for processor 11
  Max Mhz: 2500, Current Mhz: 1500, Mhz Limit: 1800
Processor Information for processor 12
  Max Mhz: 2500, Current Mhz: 1800, Mhz Limit: 1800
Processor Information for processor 13
  Max Mhz: 2500, Current Mhz: 1800, Mhz Limit: 1800
Processor Information for processor 14
  Max Mhz: 2500, Current Mhz: 1800, Mhz Limit: 1800
Processor Information for processor 15
  Max Mhz: 2500, Current Mhz: 1800, Mhz Limit: 1800

Memory: 4k page, system-wide physical 16088M (2445M free)
TotalPageFile size 20184M (AvailPageFile size 8M)
current process WorkingSet (physical memory assigned to process): 143M, peak: 143M
current process commit charge ("private bytes"): 410M, peak: 410M

vm_info: OpenJDK 64-Bit Server VM (21.0.9+10-LTS) for windows-amd64 JRE (21.0.9+10-LTS), built on 2025-10-13T22:04:36Z by "MicrosoftCorporation" with unknown MS VC++:1944

END.
